ARM Linker, 5.03 [Build 76] [MDK-ARM Standard]

==============================================================================

Section Cross References

    startup_stm32f0xx.o(STACK) refers (Special) to heapauxi.o(.text) for __use_two_region_memory
    startup_stm32f0xx.o(HEAP) refers (Special) to heapauxi.o(.text) for __use_two_region_memory
    startup_stm32f0xx.o(RESET) refers (Special) to heapauxi.o(.text) for __use_two_region_memory
    startup_stm32f0xx.o(RESET) refers to startup_stm32f0xx.o(STACK) for __initial_sp
    startup_stm32f0xx.o(RESET) refers to startup_stm32f0xx.o(.text) for Reset_Handler
    startup_stm32f0xx.o(RESET) refers to stm32f0xx_it.o(.text) for NMI_Handler
    startup_stm32f0xx.o(RESET) refers to hal_systick.o(.text) for SysTick_Handler
    startup_stm32f0xx.o(.text) refers (Special) to heapauxi.o(.text) for __use_two_region_memory
    startup_stm32f0xx.o(.text) refers to system_stm32f0xx.o(.text) for SystemInit
    startup_stm32f0xx.o(.text) refers to __main.o(!!!main) for __main
    startup_stm32f0xx.o(.text) refers to startup_stm32f0xx.o(HEAP) for Heap_Mem
    startup_stm32f0xx.o(.text) refers to startup_stm32f0xx.o(STACK) for Stack_Mem
    app.o(.text) refers to led.o(.text) for led_init
    app.o(.text) refers to tick.o(.text) for tick_start
    led.o(.text) refers to hal_io.o(.text) for hal_io_init
    led.o(.text) refers to bsp.o(.data) for led_ios
    tick.o(.text) refers to hal_systick.o(.text) for hal_systick_init
    hal_io.o(.text) refers to stm32f0xx_rcc.o(.text) for RCC_AHBPeriphClockCmd
    hal_io.o(.text) refers to stm32f0xx_gpio.o(.text) for GPIO_Init
    hal_systick.o(.text) refers to aeabi_sdiv.o(.text) for __aeabi_uidivmod
    hal_systick.o(.text) refers to system_stm32f0xx.o(.data) for SystemCoreClock
    hal_systick.o(.text) refers to hal_systick.o(.data) for TimingDelay
    stm32f0xx_gpio.o(.text) refers to stm32f0xx_rcc.o(.text) for RCC_AHBPeriphResetCmd
    stm32f0xx_i2c.o(.text) refers to stm32f0xx_rcc.o(.text) for RCC_APB1PeriphResetCmd
    stm32f0xx_spi.o(.text) refers to stm32f0xx_rcc.o(.text) for RCC_APB2PeriphResetCmd
    stm32f0xx_spi.o(.text) refers to aeabi_sdiv.o(.text) for __aeabi_uidivmod
    stm32f0xx_usart.o(.text) refers to stm32f0xx_rcc.o(.text) for RCC_APB2PeriphResetCmd
    stm32f0xx_usart.o(.text) refers to aeabi_sdiv.o(.text) for __aeabi_uidivmod
    system_stm32f0xx.o(.text) refers to aeabi_sdiv.o(.text) for __aeabi_uidivmod
    system_stm32f0xx.o(.text) refers to system_stm32f0xx.o(.data) for SystemCoreClock
    stm32f0xx_rcc.o(.text) refers to aeabi_sdiv.o(.text) for __aeabi_uidivmod
    stm32f0xx_rcc.o(.text) refers to stm32f0xx_rcc.o(.data) for APBAHBPrescTable
    __main.o(!!!main) refers to rtentry.o(.ARM.Collect$$rtentry$$00000000) for __rt_entry
    rtentry.o(.ARM.Collect$$rtentry$$00000000) refers (Special) to rtentry2.o(.ARM.Collect$$rtentry$$0000000A) for __rt_entry_li
    rtentry.o(.ARM.Collect$$rtentry$$00000000) refers (Special) to rtentry2.o(.ARM.Collect$$rtentry$$0000000D) for __rt_entry_main
    rtentry.o(.ARM.Collect$$rtentry$$00000000) refers (Special) to rtentry2.o(.ARM.Collect$$rtentry$$0000000C) for __rt_entry_postli_1
    rtentry.o(.ARM.Collect$$rtentry$$00000000) refers (Special) to rtentry2.o(.ARM.Collect$$rtentry$$00000009) for __rt_entry_postsh_1
    rtentry.o(.ARM.Collect$$rtentry$$00000000) refers (Special) to rtentry2.o(.ARM.Collect$$rtentry$$00000002) for __rt_entry_presh_1
    rtentry.o(.ARM.Collect$$rtentry$$00000000) refers (Special) to rtentry4.o(.ARM.Collect$$rtentry$$00000004) for __rt_entry_sh
    aeabi_idiv0_sigfpe.o(.text) refers to rt_div0.o(.text) for __rt_div0
    rtentry2.o(.ARM.Collect$$rtentry$$00000008) refers to boardinit2.o(.text) for _platform_post_stackheap_init
    rtentry2.o(.ARM.Collect$$rtentry$$0000000A) refers to libinit.o(.ARM.Collect$$libinit$$00000000) for __rt_lib_init
    rtentry2.o(.ARM.Collect$$rtentry$$0000000B) refers to boardinit3.o(.text) for _platform_post_lib_init
    rtentry2.o(.ARM.Collect$$rtentry$$0000000D) refers to app.o(.text) for main
    rtentry2.o(.ARM.Collect$$rtentry$$0000000D) refers to exit.o(.text) for exit
    rtentry2.o(.ARM.exidx) refers to rtentry2.o(.ARM.Collect$$rtentry$$00000001) for .ARM.Collect$$rtentry$$00000001
    rtentry2.o(.ARM.exidx) refers to rtentry2.o(.ARM.Collect$$rtentry$$00000008) for .ARM.Collect$$rtentry$$00000008
    rtentry2.o(.ARM.exidx) refers to rtentry2.o(.ARM.Collect$$rtentry$$0000000A) for .ARM.Collect$$rtentry$$0000000A
    rtentry2.o(.ARM.exidx) refers to rtentry2.o(.ARM.Collect$$rtentry$$0000000B) for .ARM.Collect$$rtentry$$0000000B
    rtentry2.o(.ARM.exidx) refers to rtentry2.o(.ARM.Collect$$rtentry$$0000000D) for .ARM.Collect$$rtentry$$0000000D
    rtentry4.o(.ARM.Collect$$rtentry$$00000004) refers to sys_stackheap_outer.o(.text) for __user_setup_stackheap
    rtentry4.o(.ARM.exidx) refers to rtentry4.o(.ARM.Collect$$rtentry$$00000004) for .ARM.Collect$$rtentry$$00000004
    rt_div0.o(.text) refers to defsig_fpe_outer.o(.text) for __rt_SIGFPE
    sys_stackheap_outer.o(.text) refers to libspace.o(.text) for __user_perproc_libspace
    sys_stackheap_outer.o(.text) refers to startup_stm32f0xx.o(.text) for __user_initial_stackheap
    sys_stackheap_outer.o(__vectab_stack_and_reset_area) refers to tempstk.o(.text) for __temporary_stack_top
    sys_stackheap_outer.o(__vectab_stack_and_reset_area) refers to __main.o(!!!main) for __main
    exit.o(.text) refers to rtexit.o(.ARM.Collect$$rtexit$$00000000) for __rt_exit
    defsig_fpe_outer.o(.text) refers to defsig_fpe_inner.o(.text) for __rt_SIGFPE_inner
    defsig_fpe_outer.o(.text) refers to defsig_exit.o(.text) for __sig_exit
    defsig_fpe_formal.o(.text) refers to rt_raise.o(.text) for __rt_raise
    libinit.o(.ARM.Collect$$libinit$$00000000) refers (Special) to libinit2.o(.ARM.Collect$$libinit$$0000002C) for __rt_lib_init_alloca_1
    libinit.o(.ARM.Collect$$libinit$$00000000) refers (Special) to libinit2.o(.ARM.Collect$$libinit$$0000002A) for __rt_lib_init_argv_1
    libinit.o(.ARM.Collect$$libinit$$00000000) refers (Special) to libinit2.o(.ARM.Collect$$libinit$$00000019) for __rt_lib_init_atexit_1
    libinit.o(.ARM.Collect$$libinit$$00000000) refers (Special) to libinit2.o(.ARM.Collect$$libinit$$0000001F) for __rt_lib_init_clock_1
    libinit.o(.ARM.Collect$$libinit$$00000000) refers (Special) to libinit2.o(.ARM.Collect$$libinit$$00000030) for __rt_lib_init_cpp_1
    libinit.o(.ARM.Collect$$libinit$$00000000) refers (Special) to libinit2.o(.ARM.Collect$$libinit$$0000002E) for __rt_lib_init_exceptions_1
    libinit.o(.ARM.Collect$$libinit$$00000000) refers (Special) to libinit2.o(.ARM.Collect$$libinit$$00000001) for __rt_lib_init_fp_1
    libinit.o(.ARM.Collect$$libinit$$00000000) refers (Special) to libinit2.o(.ARM.Collect$$libinit$$0000001D) for __rt_lib_init_fp_trap_1
    libinit.o(.ARM.Collect$$libinit$$00000000) refers (Special) to libinit2.o(.ARM.Collect$$libinit$$00000021) for __rt_lib_init_getenv_1
    libinit.o(.ARM.Collect$$libinit$$00000000) refers (Special) to libinit2.o(.ARM.Collect$$libinit$$00000008) for __rt_lib_init_heap_1
    libinit.o(.ARM.Collect$$libinit$$00000000) refers (Special) to libinit2.o(.ARM.Collect$$libinit$$0000000F) for __rt_lib_init_lc_collate_1
    libinit.o(.ARM.Collect$$libinit$$00000000) refers (Special) to libinit2.o(.ARM.Collect$$libinit$$00000011) for __rt_lib_init_lc_ctype_1
    libinit.o(.ARM.Collect$$libinit$$00000000) refers (Special) to libinit2.o(.ARM.Collect$$libinit$$00000013) for __rt_lib_init_lc_monetary_1
    libinit.o(.ARM.Collect$$libinit$$00000000) refers (Special) to libinit2.o(.ARM.Collect$$libinit$$00000015) for __rt_lib_init_lc_numeric_1
    libinit.o(.ARM.Collect$$libinit$$00000000) refers (Special) to libinit2.o(.ARM.Collect$$libinit$$00000017) for __rt_lib_init_lc_time_1
    libinit.o(.ARM.Collect$$libinit$$00000000) refers (Special) to libinit2.o(.ARM.Collect$$libinit$$0000000C) for __rt_lib_init_rand_1
    libinit.o(.ARM.Collect$$libinit$$00000000) refers (Special) to libinit2.o(.ARM.Collect$$libinit$$00000031) for __rt_lib_init_return
    libinit.o(.ARM.Collect$$libinit$$00000000) refers (Special) to libinit2.o(.ARM.Collect$$libinit$$0000001B) for __rt_lib_init_signal_1
    libinit.o(.ARM.Collect$$libinit$$00000000) refers (Special) to libinit2.o(.ARM.Collect$$libinit$$00000023) for __rt_lib_init_stdio_1
    libinit.o(.ARM.Collect$$libinit$$00000000) refers (Special) to libinit2.o(.ARM.Collect$$libinit$$0000000A) for __rt_lib_init_user_alloc_1
    libspace.o(.text) refers to libspace.o(.bss) for __libspace_start
    rtexit.o(.ARM.Collect$$rtexit$$00000000) refers (Special) to rtexit2.o(.ARM.Collect$$rtexit$$00000004) for __rt_exit_exit
    rtexit.o(.ARM.Collect$$rtexit$$00000000) refers (Special) to rtexit2.o(.ARM.Collect$$rtexit$$00000003) for __rt_exit_ls
    rtexit.o(.ARM.Collect$$rtexit$$00000000) refers (Special) to rtexit2.o(.ARM.Collect$$rtexit$$00000002) for __rt_exit_prels_1
    rtexit.o(.ARM.exidx) refers (Special) to rtexit2.o(.ARM.Collect$$rtexit$$00000004) for __rt_exit_exit
    rtexit.o(.ARM.exidx) refers (Special) to rtexit2.o(.ARM.Collect$$rtexit$$00000003) for __rt_exit_ls
    rtexit.o(.ARM.exidx) refers (Special) to rtexit2.o(.ARM.Collect$$rtexit$$00000002) for __rt_exit_prels_1
    rtexit.o(.ARM.exidx) refers to rtexit.o(.ARM.Collect$$rtexit$$00000000) for .ARM.Collect$$rtexit$$00000000
    rt_raise.o(.text) refers to __raise.o(.text) for __raise
    rt_raise.o(.text) refers to sys_exit.o(.text) for _sys_exit
    defsig_exit.o(.text) refers to sys_exit.o(.text) for _sys_exit
    defsig_fpe_inner.o(.text) refers to defsig_general.o(.text) for __default_signal_display
    libinit2.o(.ARM.Collect$$libinit$$0000000E) refers to libinit2.o(.ARM.Collect$$libinit$$0000000D) for .ARM.Collect$$libinit$$0000000D
    libinit2.o(.ARM.Collect$$libinit$$00000010) refers to libinit2.o(.ARM.Collect$$libinit$$0000000D) for .ARM.Collect$$libinit$$0000000D
    libinit2.o(.ARM.Collect$$libinit$$00000012) refers to libinit2.o(.ARM.Collect$$libinit$$0000000D) for .ARM.Collect$$libinit$$0000000D
    libinit2.o(.ARM.Collect$$libinit$$00000014) refers to libinit2.o(.ARM.Collect$$libinit$$0000000D) for .ARM.Collect$$libinit$$0000000D
    libinit2.o(.ARM.Collect$$libinit$$00000016) refers to libinit2.o(.ARM.Collect$$libinit$$0000000D) for .ARM.Collect$$libinit$$0000000D
    libinit2.o(.ARM.Collect$$libinit$$00000024) refers to argv_veneer.o(.text) for __ARM_argv_veneer
    libinit2.o(.ARM.Collect$$libinit$$00000025) refers to argv_veneer.o(.text) for __ARM_argv_veneer
    sys_exit.o(.text) refers (Special) to use_no_semi.o(.text) for __I$use$semihosting
    sys_exit.o(.text) refers (Special) to indicate_semi.o(.text) for __semihosting_library_function
    rtexit2.o(.ARM.Collect$$rtexit$$00000003) refers to libshutdown.o(.ARM.Collect$$libshutdown$$00000000) for __rt_lib_shutdown
    rtexit2.o(.ARM.Collect$$rtexit$$00000004) refers to sys_exit.o(.text) for _sys_exit
    rtexit2.o(.ARM.exidx) refers to rtexit2.o(.ARM.Collect$$rtexit$$00000001) for .ARM.Collect$$rtexit$$00000001
    rtexit2.o(.ARM.exidx) refers to rtexit2.o(.ARM.Collect$$rtexit$$00000003) for .ARM.Collect$$rtexit$$00000003
    rtexit2.o(.ARM.exidx) refers to rtexit2.o(.ARM.Collect$$rtexit$$00000004) for .ARM.Collect$$rtexit$$00000004
    __raise.o(.text) refers to defsig.o(CL$$defsig) for __default_signal_handler
    defsig_general.o(.text) refers to sys_wrch.o(.text) for _ttywrch
    sys_wrch.o(.text) refers (Special) to use_no_semi.o(.text) for __I$use$semihosting
    sys_wrch.o(.text) refers (Special) to indicate_semi.o(.text) for __semihosting_library_function
    defsig.o(CL$$defsig) refers to defsig_fpe_inner.o(.text) for __rt_SIGFPE_inner
    defsig.o(CL$$defsig) refers to defsig_rtmem_inner.o(.text) for __rt_SIGRTMEM_inner
    _get_argv_nomalloc.o(.text) refers (Special) to hrguard.o(.text) for __heap_region$guard
    _get_argv_nomalloc.o(.text) refers to defsig_rtmem_outer.o(.text) for __rt_SIGRTMEM
    _get_argv_nomalloc.o(.text) refers to sys_command.o(.text) for _sys_command_string
    libshutdown.o(.ARM.Collect$$libshutdown$$00000000) refers (Special) to libshutdown2.o(.ARM.Collect$$libshutdown$$00000006) for __rt_lib_shutdown_fp_trap_1
    libshutdown.o(.ARM.Collect$$libshutdown$$00000000) refers (Special) to libshutdown2.o(.ARM.Collect$$libshutdown$$0000000E) for __rt_lib_shutdown_heap_1
    libshutdown.o(.ARM.Collect$$libshutdown$$00000000) refers (Special) to libshutdown2.o(.ARM.Collect$$libshutdown$$0000000F) for __rt_lib_shutdown_return
    libshutdown.o(.ARM.Collect$$libshutdown$$00000000) refers (Special) to libshutdown2.o(.ARM.Collect$$libshutdown$$00000009) for __rt_lib_shutdown_signal_1
    libshutdown.o(.ARM.Collect$$libshutdown$$00000000) refers (Special) to libshutdown2.o(.ARM.Collect$$libshutdown$$00000003) for __rt_lib_shutdown_stdio_1
    libshutdown.o(.ARM.Collect$$libshutdown$$00000000) refers (Special) to libshutdown2.o(.ARM.Collect$$libshutdown$$0000000B) for __rt_lib_shutdown_user_alloc_1
    sys_command.o(.text) refers (Special) to use_no_semi.o(.text) for __I$use$semihosting
    sys_command.o(.text) refers (Special) to indicate_semi.o(.text) for __semihosting_library_function
    defsig_abrt_inner.o(.text) refers to defsig_general.o(.text) for __default_signal_display
    defsig_rtred_inner.o(.text) refers to defsig_general.o(.text) for __default_signal_display
    defsig_rtmem_inner.o(.text) refers to defsig_general.o(.text) for __default_signal_display
    defsig_rtmem_outer.o(.text) refers to defsig_rtmem_inner.o(.text) for __rt_SIGRTMEM_inner
    defsig_rtmem_outer.o(.text) refers to defsig_exit.o(.text) for __sig_exit
    defsig_rtmem_formal.o(.text) refers to rt_raise.o(.text) for __rt_raise
    defsig_stak_inner.o(.text) refers to defsig_general.o(.text) for __default_signal_display
    defsig_pvfn_inner.o(.text) refers to defsig_general.o(.text) for __default_signal_display
    defsig_cppl_inner.o(.text) refers to defsig_general.o(.text) for __default_signal_display
    defsig_segv_inner.o(.text) refers to defsig_general.o(.text) for __default_signal_display
    defsig_other.o(.text) refers to defsig_general.o(.text) for __default_signal_display


==============================================================================

Removing Unused input sections from the image.

    Removing app.o(.emb_text), (8 bytes).
    Removing led.o(.emb_text), (8 bytes).
    Removing tick.o(.emb_text), (8 bytes).
    Removing bsp.o(.emb_text), (8 bytes).
    Removing hal_io.o(.emb_text), (8 bytes).
    Removing hal_core.o(.emb_text), (14 bytes).
    Removing hal_core.o(.text), (8 bytes).
    Removing hal_systick.o(.emb_text), (8 bytes).
    Removing stm32f0xx_exti.o(.emb_text), (8 bytes).
    Removing stm32f0xx_exti.o(.text), (260 bytes).
    Removing stm32f0xx_gpio.o(.emb_text), (8 bytes).
    Removing stm32f0xx_i2c.o(.emb_text), (8 bytes).
    Removing stm32f0xx_i2c.o(.text), (1132 bytes).
    Removing stm32f0xx_misc.o(.emb_text), (8 bytes).
    Removing stm32f0xx_misc.o(.text), (180 bytes).
    Removing stm32f0xx_spi.o(.emb_text), (8 bytes).
    Removing stm32f0xx_spi.o(.text), (952 bytes).
    Removing stm32f0xx_usart.o(.emb_text), (8 bytes).
    Removing stm32f0xx_usart.o(.text), (1390 bytes).
    Removing system_stm32f0xx.o(.emb_text), (8 bytes).
    Removing stm32f0xx_rcc.o(.emb_text), (8 bytes).

21 unused section(s) (total 4048 bytes) removed from the image.

==============================================================================

Image Symbol Table

    Local Symbols

    Symbol Name                              Value     Ov Type        Size  Object(Section)

    ../clib/angel/boardlib.s                 0x00000000   Number         0  boardinit2.o ABSOLUTE
    ../clib/angel/boardlib.s                 0x00000000   Number         0  boardinit1.o ABSOLUTE
    ../clib/angel/boardlib.s                 0x00000000   Number         0  boardshut.o ABSOLUTE
    ../clib/angel/boardlib.s                 0x00000000   Number         0  boardinit3.o ABSOLUTE
    ../clib/angel/handlers.s                 0x00000000   Number         0  __scatter_zi.o ABSOLUTE
    ../clib/angel/handlers.s                 0x00000000   Number         0  __scatter_copy.o ABSOLUTE
    ../clib/angel/kernel.s                   0x00000000   Number         0  rtexit2.o ABSOLUTE
    ../clib/angel/kernel.s                   0x00000000   Number         0  rtentry4.o ABSOLUTE
    ../clib/angel/kernel.s                   0x00000000   Number         0  rtexit.o ABSOLUTE
    ../clib/angel/kernel.s                   0x00000000   Number         0  rtentry.o ABSOLUTE
    ../clib/angel/kernel.s                   0x00000000   Number         0  rtentry2.o ABSOLUTE
    ../clib/angel/rt.s                       0x00000000   Number         0  rt_div0.o ABSOLUTE
    ../clib/angel/rt.s                       0x00000000   Number         0  rt_raise.o ABSOLUTE
    ../clib/angel/rt.s                       0x00000000   Number         0  aeabi_idiv0_sigfpe.o ABSOLUTE
    ../clib/angel/rt.s                       0x00000000   Number         0  aeabi_idiv0.o ABSOLUTE
    ../clib/angel/scatterp.s                 0x00000000   Number         0  __scatter.o ABSOLUTE
    ../clib/angel/startup.s                  0x00000000   Number         0  __main.o ABSOLUTE
    ../clib/angel/sys.s                      0x00000000   Number         0  use_no_semi.o ABSOLUTE
    ../clib/angel/sys.s                      0x00000000   Number         0  sys_stackheap_outer.o ABSOLUTE
    ../clib/angel/sys.s                      0x00000000   Number         0  indicate_semi.o ABSOLUTE
    ../clib/angel/sys.s                      0x00000000   Number         0  libspace.o ABSOLUTE
    ../clib/angel/sys.s                      0x00000000   Number         0  tempstk.o ABSOLUTE
    ../clib/angel/sysapp.c                   0x00000000   Number         0  sys_command.o ABSOLUTE
    ../clib/angel/sysapp.c                   0x00000000   Number         0  sys_wrch.o ABSOLUTE
    ../clib/angel/sysapp.c                   0x00000000   Number         0  sys_exit.o ABSOLUTE
    ../clib/armsys.c                         0x00000000   Number         0  argv_veneer.o ABSOLUTE
    ../clib/armsys.c                         0x00000000   Number         0  no_argv.o ABSOLUTE
    ../clib/armsys.c                         0x00000000   Number         0  _get_argv_nomalloc.o ABSOLUTE
    ../clib/division.s                       0x00000000   Number         0  aeabi_sdiv_div0.o ABSOLUTE
    ../clib/division.s                       0x00000000   Number         0  aeabi_sdiv.o ABSOLUTE
    ../clib/heapalloc.c                      0x00000000   Number         0  hrguard.o ABSOLUTE
    ../clib/heapaux.c                        0x00000000   Number         0  heapauxi.o ABSOLUTE
    ../clib/libinit.s                        0x00000000   Number         0  libshutdown2.o ABSOLUTE
    ../clib/libinit.s                        0x00000000   Number         0  libinit2.o ABSOLUTE
    ../clib/libinit.s                        0x00000000   Number         0  libshutdown.o ABSOLUTE
    ../clib/libinit.s                        0x00000000   Number         0  libinit.o ABSOLUTE
    ../clib/signal.c                         0x00000000   Number         0  defsig_other.o ABSOLUTE
    ../clib/signal.c                         0x00000000   Number         0  defsig_fpe_outer.o ABSOLUTE
    ../clib/signal.c                         0x00000000   Number         0  defsig_segv_inner.o ABSOLUTE
    ../clib/signal.c                         0x00000000   Number         0  defsig_cppl_inner.o ABSOLUTE
    ../clib/signal.c                         0x00000000   Number         0  defsig_pvfn_inner.o ABSOLUTE
    ../clib/signal.c                         0x00000000   Number         0  defsig_rtmem_formal.o ABSOLUTE
    ../clib/signal.c                         0x00000000   Number         0  defsig_stak_inner.o ABSOLUTE
    ../clib/signal.c                         0x00000000   Number         0  defsig_rtred_inner.o ABSOLUTE
    ../clib/signal.c                         0x00000000   Number         0  defsig_exit.o ABSOLUTE
    ../clib/signal.c                         0x00000000   Number         0  defsig_fpe_inner.o ABSOLUTE
    ../clib/signal.c                         0x00000000   Number         0  defsig_abrt_inner.o ABSOLUTE
    ../clib/signal.c                         0x00000000   Number         0  __raise.o ABSOLUTE
    ../clib/signal.c                         0x00000000   Number         0  defsig_rtmem_inner.o ABSOLUTE
    ../clib/signal.c                         0x00000000   Number         0  defsig_general.o ABSOLUTE
    ../clib/signal.c                         0x00000000   Number         0  defsig_rtmem_outer.o ABSOLUTE
    ../clib/signal.c                         0x00000000   Number         0  defsig_fpe_formal.o ABSOLUTE
    ../clib/signal.s                         0x00000000   Number         0  defsig.o ABSOLUTE
    ../clib/stdlib.c                         0x00000000   Number         0  exit.o ABSOLUTE
    ../fplib/cfplib/fpinit.c                 0x00000000   Number         0  fpinit.o ABSOLUTE
    ..\..\brd\yd_stm32f051c8\bsp.c           0x00000000   Number         0  bsp.o ABSOLUTE
    ..\..\driver\led.c                       0x00000000   Number         0  led.o ABSOLUTE
    ..\..\driver\tick.c                      0x00000000   Number         0  tick.o ABSOLUTE
    ..\..\hal\stm32f0\hal_core.c             0x00000000   Number         0  hal_core.o ABSOLUTE
    ..\..\hal\stm32f0\hal_io.c               0x00000000   Number         0  hal_io.o ABSOLUTE
    ..\..\hal\stm32f0\hal_systick.c          0x00000000   Number         0  hal_systick.o ABSOLUTE
    ..\..\lib\stm32f0_std_lib\1.0\src\stm32f0xx_exti.c 0x00000000   Number         0  stm32f0xx_exti.o ABSOLUTE
    ..\..\lib\stm32f0_std_lib\1.0\src\stm32f0xx_gpio.c 0x00000000   Number         0  stm32f0xx_gpio.o ABSOLUTE
    ..\..\lib\stm32f0_std_lib\1.0\src\stm32f0xx_i2c.c 0x00000000   Number         0  stm32f0xx_i2c.o ABSOLUTE
    ..\..\lib\stm32f0_std_lib\1.0\src\stm32f0xx_misc.c 0x00000000   Number         0  stm32f0xx_misc.o ABSOLUTE
    ..\..\lib\stm32f0_std_lib\1.0\src\stm32f0xx_rcc.c 0x00000000   Number         0  stm32f0xx_rcc.o ABSOLUTE
    ..\..\lib\stm32f0_std_lib\1.0\src\stm32f0xx_spi.c 0x00000000   Number         0  stm32f0xx_spi.o ABSOLUTE
    ..\..\lib\stm32f0_std_lib\1.0\src\stm32f0xx_usart.c 0x00000000   Number         0  stm32f0xx_usart.o ABSOLUTE
    ..\..\lib\stm32f0_std_lib\1.0\system_stm32f0xx.c 0x00000000   Number         0  system_stm32f0xx.o ABSOLUTE
    ..\\..\\brd\\yd_stm32f051c8\\bsp.c       0x00000000   Number         0  bsp.o ABSOLUTE
    ..\\..\\driver\\led.c                    0x00000000   Number         0  led.o ABSOLUTE
    ..\\..\\driver\\tick.c                   0x00000000   Number         0  tick.o ABSOLUTE
    ..\\..\\hal\\stm32f0\\hal_core.c         0x00000000   Number         0  hal_core.o ABSOLUTE
    ..\\..\\hal\\stm32f0\\hal_io.c           0x00000000   Number         0  hal_io.o ABSOLUTE
    ..\\..\\hal\\stm32f0\\hal_systick.c      0x00000000   Number         0  hal_systick.o ABSOLUTE
    ..\\..\\lib\\stm32f0_std_lib\\1.0\\src\\stm32f0xx_exti.c 0x00000000   Number         0  stm32f0xx_exti.o ABSOLUTE
    ..\\..\\lib\\stm32f0_std_lib\\1.0\\src\\stm32f0xx_gpio.c 0x00000000   Number         0  stm32f0xx_gpio.o ABSOLUTE
    ..\\..\\lib\\stm32f0_std_lib\\1.0\\src\\stm32f0xx_i2c.c 0x00000000   Number         0  stm32f0xx_i2c.o ABSOLUTE
    ..\\..\\lib\\stm32f0_std_lib\\1.0\\src\\stm32f0xx_misc.c 0x00000000   Number         0  stm32f0xx_misc.o ABSOLUTE
    ..\\..\\lib\\stm32f0_std_lib\\1.0\\src\\stm32f0xx_rcc.c 0x00000000   Number         0  stm32f0xx_rcc.o ABSOLUTE
    ..\\..\\lib\\stm32f0_std_lib\\1.0\\src\\stm32f0xx_spi.c 0x00000000   Number         0  stm32f0xx_spi.o ABSOLUTE
    ..\\..\\lib\\stm32f0_std_lib\\1.0\\src\\stm32f0xx_usart.c 0x00000000   Number         0  stm32f0xx_usart.o ABSOLUTE
    ..\\..\\lib\\stm32f0_std_lib\\1.0\\system_stm32f0xx.c 0x00000000   Number         0  system_stm32f0xx.o ABSOLUTE
    app.c                                    0x00000000   Number         0  app.o ABSOLUTE
    app.c                                    0x00000000   Number         0  app.o ABSOLUTE
    dc.s                                     0x00000000   Number         0  dc.o ABSOLUTE
    startup_stm32f0xx.s                      0x00000000   Number         0  startup_stm32f0xx.o ABSOLUTE
    stm32f0xx_it.c                           0x00000000   Number         0  stm32f0xx_it.o ABSOLUTE
    RESET                                    0x08000000   Section      192  startup_stm32f0xx.o(RESET)
    !!!main                                  0x080000c0   Section        8  __main.o(!!!main)
    !!!scatter                               0x080000c8   Section       60  __scatter.o(!!!scatter)
    !!handler_copy                           0x08000104   Section       26  __scatter_copy.o(!!handler_copy)
    !!handler_zi                             0x08000120   Section       28  __scatter_zi.o(!!handler_zi)
    .ARM.Collect$$libinit$$00000000          0x0800013c   Section        2  libinit.o(.ARM.Collect$$libinit$$00000000)
    .ARM.Collect$$libinit$$00000001          0x0800013e   Section        4  libinit2.o(.ARM.Collect$$libinit$$00000001)
    .ARM.Collect$$libinit$$00000008          0x08000142   Section        0  libinit2.o(.ARM.Collect$$libinit$$00000008)
    .ARM.Collect$$libinit$$0000000A          0x08000142   Section        0  libinit2.o(.ARM.Collect$$libinit$$0000000A)
    .ARM.Collect$$libinit$$0000000C          0x08000142   Section        0  libinit2.o(.ARM.Collect$$libinit$$0000000C)
    .ARM.Collect$$libinit$$0000000F          0x08000142   Section        0  libinit2.o(.ARM.Collect$$libinit$$0000000F)
    .ARM.Collect$$libinit$$00000011          0x08000142   Section        0  libinit2.o(.ARM.Collect$$libinit$$00000011)
    .ARM.Collect$$libinit$$00000013          0x08000142   Section        0  libinit2.o(.ARM.Collect$$libinit$$00000013)
    .ARM.Collect$$libinit$$00000015          0x08000142   Section        0  libinit2.o(.ARM.Collect$$libinit$$00000015)
    .ARM.Collect$$libinit$$00000017          0x08000142   Section        0  libinit2.o(.ARM.Collect$$libinit$$00000017)
    .ARM.Collect$$libinit$$00000019          0x08000142   Section        0  libinit2.o(.ARM.Collect$$libinit$$00000019)
    .ARM.Collect$$libinit$$0000001B          0x08000142   Section        0  libinit2.o(.ARM.Collect$$libinit$$0000001B)
    .ARM.Collect$$libinit$$0000001D          0x08000142   Section        0  libinit2.o(.ARM.Collect$$libinit$$0000001D)
    .ARM.Collect$$libinit$$0000001F          0x08000142   Section        0  libinit2.o(.ARM.Collect$$libinit$$0000001F)
    .ARM.Collect$$libinit$$00000021          0x08000142   Section        0  libinit2.o(.ARM.Collect$$libinit$$00000021)
    .ARM.Collect$$libinit$$00000023          0x08000142   Section        0  libinit2.o(.ARM.Collect$$libinit$$00000023)
    .ARM.Collect$$libinit$$0000002A          0x08000142   Section        0  libinit2.o(.ARM.Collect$$libinit$$0000002A)
    .ARM.Collect$$libinit$$0000002C          0x08000142   Section        0  libinit2.o(.ARM.Collect$$libinit$$0000002C)
    .ARM.Collect$$libinit$$0000002E          0x08000142   Section        0  libinit2.o(.ARM.Collect$$libinit$$0000002E)
    .ARM.Collect$$libinit$$00000030          0x08000142   Section        0  libinit2.o(.ARM.Collect$$libinit$$00000030)
    .ARM.Collect$$libinit$$00000031          0x08000142   Section        2  libinit2.o(.ARM.Collect$$libinit$$00000031)
    .ARM.Collect$$libshutdown$$00000000      0x08000144   Section        2  libshutdown.o(.ARM.Collect$$libshutdown$$00000000)
    .ARM.Collect$$libshutdown$$00000003      0x08000146   Section        0  libshutdown2.o(.ARM.Collect$$libshutdown$$00000003)
    .ARM.Collect$$libshutdown$$00000006      0x08000146   Section        0  libshutdown2.o(.ARM.Collect$$libshutdown$$00000006)
    .ARM.Collect$$libshutdown$$00000009      0x08000146   Section        0  libshutdown2.o(.ARM.Collect$$libshutdown$$00000009)
    .ARM.Collect$$libshutdown$$0000000B      0x08000146   Section        0  libshutdown2.o(.ARM.Collect$$libshutdown$$0000000B)
    .ARM.Collect$$libshutdown$$0000000E      0x08000146   Section        0  libshutdown2.o(.ARM.Collect$$libshutdown$$0000000E)
    .ARM.Collect$$libshutdown$$0000000F      0x08000146   Section        2  libshutdown2.o(.ARM.Collect$$libshutdown$$0000000F)
    .ARM.Collect$$rtentry$$00000000          0x08000148   Section        0  rtentry.o(.ARM.Collect$$rtentry$$00000000)
    .ARM.Collect$$rtentry$$00000002          0x08000148   Section        0  rtentry2.o(.ARM.Collect$$rtentry$$00000002)
    .ARM.Collect$$rtentry$$00000004          0x08000148   Section        6  rtentry4.o(.ARM.Collect$$rtentry$$00000004)
    .ARM.Collect$$rtentry$$00000009          0x0800014e   Section        0  rtentry2.o(.ARM.Collect$$rtentry$$00000009)
    .ARM.Collect$$rtentry$$0000000A          0x0800014e   Section        4  rtentry2.o(.ARM.Collect$$rtentry$$0000000A)
    .ARM.Collect$$rtentry$$0000000C          0x08000152   Section        0  rtentry2.o(.ARM.Collect$$rtentry$$0000000C)
    .ARM.Collect$$rtentry$$0000000D          0x08000152   Section        8  rtentry2.o(.ARM.Collect$$rtentry$$0000000D)
    .ARM.Collect$$rtexit$$00000000           0x0800015a   Section        2  rtexit.o(.ARM.Collect$$rtexit$$00000000)
    .ARM.Collect$$rtexit$$00000002           0x0800015c   Section        0  rtexit2.o(.ARM.Collect$$rtexit$$00000002)
    .ARM.Collect$$rtexit$$00000003           0x0800015c   Section        4  rtexit2.o(.ARM.Collect$$rtexit$$00000003)
    .ARM.Collect$$rtexit$$00000004           0x08000160   Section        6  rtexit2.o(.ARM.Collect$$rtexit$$00000004)
    .text                                    0x08000168   Section       56  startup_stm32f0xx.o(.text)
    .text                                    0x080001a0   Section        0  app.o(.text)
    .text                                    0x080001c0   Section        0  stm32f0xx_it.o(.text)
    .text                                    0x080001d8   Section        0  led.o(.text)
    .text                                    0x08000248   Section        0  tick.o(.text)
    .text                                    0x08000260   Section        0  hal_io.o(.text)
    .text                                    0x080002a8   Section        0  hal_systick.o(.text)
    NVIC_SetPriority                         0x08000345   Thumb Code   110  hal_systick.o(.text)
    .text                                    0x080003d0   Section        0  stm32f0xx_gpio.o(.text)
    .text                                    0x080005bc   Section        0  system_stm32f0xx.o(.text)
    SetSysClock                              0x080005bd   Thumb Code   202  system_stm32f0xx.o(.text)
    .text                                    0x080007b0   Section        0  stm32f0xx_rcc.o(.text)
    .text                                    0x08000da4   Section      346  aeabi_sdiv.o(.text)
    .text                                    0x08000efe   Section        0  heapauxi.o(.text)
    .text                                    0x08000f04   Section       62  sys_stackheap_outer.o(.text)
    .text                                    0x08000f42   Section        0  exit.o(.text)
    .text                                    0x08000f50   Section        8  libspace.o(.text)
    .text                                    0x08000f58   Section        0  sys_exit.o(.text)
    .text                                    0x08000f64   Section        2  use_no_semi.o(.text)
    .text                                    0x08000f66   Section        0  indicate_semi.o(.text)
    .data                                    0x20000000   Section       16  bsp.o(.data)
    .data                                    0x20000010   Section        8  hal_systick.o(.data)
    TimingDelay                              0x20000010   Data           4  hal_systick.o(.data)
    .data                                    0x20000018   Section       20  system_stm32f0xx.o(.data)
    .data                                    0x2000002c   Section       16  stm32f0xx_rcc.o(.data)
    APBAHBPrescTable                         0x2000002c   Data          16  stm32f0xx_rcc.o(.data)
    .bss                                     0x2000003c   Section       96  libspace.o(.bss)
    HEAP                                     0x200000a0   Section      512  startup_stm32f0xx.o(HEAP)
    Heap_Mem                                 0x200000a0   Data         512  startup_stm32f0xx.o(HEAP)
    STACK                                    0x200002a0   Section     1024  startup_stm32f0xx.o(STACK)
    Stack_Mem                                0x200002a0   Data        1024  startup_stm32f0xx.o(STACK)
    __initial_sp                             0x200006a0   Data           0  startup_stm32f0xx.o(STACK)

    Global Symbols

    Symbol Name                              Value     Ov Type        Size  Object(Section)

    BuildAttributes$$THM_ISAv3M$S$PE$A:L22$X:L11$S22$IEEE1$IW$USESV6$~STKCKD$USESV7$~SHL$OSPACE$ROPI$EBA8$UX$STANDARDLIB$REQ8$PRES8$EABIv2 0x00000000   Number         0  anon$$obj.o ABSOLUTE
    __ARM_use_no_argv                        0x00000000   Number         0  app.o ABSOLUTE
    __ARM_exceptions_init                     - Undefined Weak Reference
    __alloca_initialize                       - Undefined Weak Reference
    __cpp_initialize__aeabi_                  - Undefined Weak Reference
    __cxa_finalize                            - Undefined Weak Reference
    __rt_locale                               - Undefined Weak Reference
    __sigvec_lookup                           - Undefined Weak Reference
    _atexit_init                              - Undefined Weak Reference
    _call_atexit_fns                          - Undefined Weak Reference
    _clock_init                               - Undefined Weak Reference
    _fp_trap_init                             - Undefined Weak Reference
    _fp_trap_shutdown                         - Undefined Weak Reference
    _get_lc_collate                           - Undefined Weak Reference
    _get_lc_ctype                             - Undefined Weak Reference
    _get_lc_monetary                          - Undefined Weak Reference
    _get_lc_numeric                           - Undefined Weak Reference
    _get_lc_time                              - Undefined Weak Reference
    _getenv_init                              - Undefined Weak Reference
    _handle_redirection                       - Undefined Weak Reference
    _init_alloc                               - Undefined Weak Reference
    _init_user_alloc                          - Undefined Weak Reference
    _initio                                   - Undefined Weak Reference
    _rand_init                                - Undefined Weak Reference
    _signal_finish                            - Undefined Weak Reference
    _signal_init                              - Undefined Weak Reference
    _terminate_alloc                          - Undefined Weak Reference
    _terminate_user_alloc                     - Undefined Weak Reference
    _terminateio                              - Undefined Weak Reference
    __Vectors_Size                           0x000000c0   Number         0  startup_stm32f0xx.o ABSOLUTE
    __Vectors                                0x08000000   Data           4  startup_stm32f0xx.o(RESET)
    __Vectors_End                            0x080000c0   Data           0  startup_stm32f0xx.o(RESET)
    __main                                   0x080000c1   Thumb Code     8  __main.o(!!!main)
    __scatterload                            0x080000c9   Thumb Code     0  __scatter.o(!!!scatter)
    __scatterload_rt2                        0x080000c9   Thumb Code    52  __scatter.o(!!!scatter)
    __scatterload_rt2_thumb_only             0x080000c9   Thumb Code     0  __scatter.o(!!!scatter)
    __scatterload_null                       0x080000d9   Thumb Code     0  __scatter.o(!!!scatter)
    __scatterload_copy                       0x08000105   Thumb Code    26  __scatter_copy.o(!!handler_copy)
    __scatterload_zeroinit                   0x08000121   Thumb Code    28  __scatter_zi.o(!!handler_zi)
    __rt_lib_init                            0x0800013d   Thumb Code     0  libinit.o(.ARM.Collect$$libinit$$00000000)
    __rt_lib_init_fp_1                       0x0800013f   Thumb Code     0  libinit2.o(.ARM.Collect$$libinit$$00000001)
    __rt_lib_init_alloca_1                   0x08000143   Thumb Code     0  libinit2.o(.ARM.Collect$$libinit$$0000002C)
    __rt_lib_init_argv_1                     0x08000143   Thumb Code     0  libinit2.o(.ARM.Collect$$libinit$$0000002A)
    __rt_lib_init_atexit_1                   0x08000143   Thumb Code     0  libinit2.o(.ARM.Collect$$libinit$$00000019)
    __rt_lib_init_clock_1                    0x08000143   Thumb Code     0  libinit2.o(.ARM.Collect$$libinit$$0000001F)
    __rt_lib_init_cpp_1                      0x08000143   Thumb Code     0  libinit2.o(.ARM.Collect$$libinit$$00000030)
    __rt_lib_init_exceptions_1               0x08000143   Thumb Code     0  libinit2.o(.ARM.Collect$$libinit$$0000002E)
    __rt_lib_init_fp_trap_1                  0x08000143   Thumb Code     0  libinit2.o(.ARM.Collect$$libinit$$0000001D)
    __rt_lib_init_getenv_1                   0x08000143   Thumb Code     0  libinit2.o(.ARM.Collect$$libinit$$00000021)
    __rt_lib_init_heap_1                     0x08000143   Thumb Code     0  libinit2.o(.ARM.Collect$$libinit$$00000008)
    __rt_lib_init_lc_collate_1               0x08000143   Thumb Code     0  libinit2.o(.ARM.Collect$$libinit$$0000000F)
    __rt_lib_init_lc_ctype_1                 0x08000143   Thumb Code     0  libinit2.o(.ARM.Collect$$libinit$$00000011)
    __rt_lib_init_lc_monetary_1              0x08000143   Thumb Code     0  libinit2.o(.ARM.Collect$$libinit$$00000013)
    __rt_lib_init_lc_numeric_1               0x08000143   Thumb Code     0  libinit2.o(.ARM.Collect$$libinit$$00000015)
    __rt_lib_init_lc_time_1                  0x08000143   Thumb Code     0  libinit2.o(.ARM.Collect$$libinit$$00000017)
    __rt_lib_init_rand_1                     0x08000143   Thumb Code     0  libinit2.o(.ARM.Collect$$libinit$$0000000C)
    __rt_lib_init_return                     0x08000143   Thumb Code     0  libinit2.o(.ARM.Collect$$libinit$$00000031)
    __rt_lib_init_signal_1                   0x08000143   Thumb Code     0  libinit2.o(.ARM.Collect$$libinit$$0000001B)
    __rt_lib_init_stdio_1                    0x08000143   Thumb Code     0  libinit2.o(.ARM.Collect$$libinit$$00000023)
    __rt_lib_init_user_alloc_1               0x08000143   Thumb Code     0  libinit2.o(.ARM.Collect$$libinit$$0000000A)
    __rt_lib_shutdown                        0x08000145   Thumb Code     0  libshutdown.o(.ARM.Collect$$libshutdown$$00000000)
    __rt_lib_shutdown_fp_trap_1              0x08000147   Thumb Code     0  libshutdown2.o(.ARM.Collect$$libshutdown$$00000006)
    __rt_lib_shutdown_heap_1                 0x08000147   Thumb Code     0  libshutdown2.o(.ARM.Collect$$libshutdown$$0000000E)
    __rt_lib_shutdown_return                 0x08000147   Thumb Code     0  libshutdown2.o(.ARM.Collect$$libshutdown$$0000000F)
    __rt_lib_shutdown_signal_1               0x08000147   Thumb Code     0  libshutdown2.o(.ARM.Collect$$libshutdown$$00000009)
    __rt_lib_shutdown_stdio_1                0x08000147   Thumb Code     0  libshutdown2.o(.ARM.Collect$$libshutdown$$00000003)
    __rt_lib_shutdown_user_alloc_1           0x08000147   Thumb Code     0  libshutdown2.o(.ARM.Collect$$libshutdown$$0000000B)
    __rt_entry                               0x08000149   Thumb Code     0  rtentry.o(.ARM.Collect$$rtentry$$00000000)
    __rt_entry_presh_1                       0x08000149   Thumb Code     0  rtentry2.o(.ARM.Collect$$rtentry$$00000002)
    __rt_entry_sh                            0x08000149   Thumb Code     0  rtentry4.o(.ARM.Collect$$rtentry$$00000004)
    __rt_entry_li                            0x0800014f   Thumb Code     0  rtentry2.o(.ARM.Collect$$rtentry$$0000000A)
    __rt_entry_postsh_1                      0x0800014f   Thumb Code     0  rtentry2.o(.ARM.Collect$$rtentry$$00000009)
    __rt_entry_main                          0x08000153   Thumb Code     0  rtentry2.o(.ARM.Collect$$rtentry$$0000000D)
    __rt_entry_postli_1                      0x08000153   Thumb Code     0  rtentry2.o(.ARM.Collect$$rtentry$$0000000C)
    __rt_exit                                0x0800015b   Thumb Code     0  rtexit.o(.ARM.Collect$$rtexit$$00000000)
    __rt_exit_ls                             0x0800015d   Thumb Code     0  rtexit2.o(.ARM.Collect$$rtexit$$00000003)
    __rt_exit_prels_1                        0x0800015d   Thumb Code     0  rtexit2.o(.ARM.Collect$$rtexit$$00000002)
    __rt_exit_exit                           0x08000161   Thumb Code     0  rtexit2.o(.ARM.Collect$$rtexit$$00000004)
    Reset_Handler                            0x08000169   Thumb Code     8  startup_stm32f0xx.o(.text)
    ADC1_COMP_IRQHandler                     0x0800017b   Thumb Code     0  startup_stm32f0xx.o(.text)
    CEC_IRQHandler                           0x0800017b   Thumb Code     0  startup_stm32f0xx.o(.text)
    DMA1_Channel1_IRQHandler                 0x0800017b   Thumb Code     0  startup_stm32f0xx.o(.text)
    DMA1_Channel2_3_IRQHandler               0x0800017b   Thumb Code     0  startup_stm32f0xx.o(.text)
    DMA1_Channel4_5_IRQHandler               0x0800017b   Thumb Code     0  startup_stm32f0xx.o(.text)
    EXTI0_1_IRQHandler                       0x0800017b   Thumb Code     0  startup_stm32f0xx.o(.text)
    EXTI2_3_IRQHandler                       0x0800017b   Thumb Code     0  startup_stm32f0xx.o(.text)
    FLASH_IRQHandler                         0x0800017b   Thumb Code     0  startup_stm32f0xx.o(.text)
    I2C1_IRQHandler                          0x0800017b   Thumb Code     0  startup_stm32f0xx.o(.text)
    I2C2_IRQHandler                          0x0800017b   Thumb Code     0  startup_stm32f0xx.o(.text)
    PVD_IRQHandler                           0x0800017b   Thumb Code     0  startup_stm32f0xx.o(.text)
    RCC_IRQHandler                           0x0800017b   Thumb Code     0  startup_stm32f0xx.o(.text)
    SPI1_IRQHandler                          0x0800017b   Thumb Code     0  startup_stm32f0xx.o(.text)
    SPI2_IRQHandler                          0x0800017b   Thumb Code     0  startup_stm32f0xx.o(.text)
    TIM14_IRQHandler                         0x0800017b   Thumb Code     0  startup_stm32f0xx.o(.text)
    TIM15_IRQHandler                         0x0800017b   Thumb Code     0  startup_stm32f0xx.o(.text)
    TIM16_IRQHandler                         0x0800017b   Thumb Code     0  startup_stm32f0xx.o(.text)
    TIM17_IRQHandler                         0x0800017b   Thumb Code     0  startup_stm32f0xx.o(.text)
    TIM1_CC_IRQHandler                       0x0800017b   Thumb Code     0  startup_stm32f0xx.o(.text)
    TIM2_IRQHandler                          0x0800017b   Thumb Code     0  startup_stm32f0xx.o(.text)
    TIM6_DAC_IRQHandler                      0x0800017b   Thumb Code     0  startup_stm32f0xx.o(.text)
    TS_IRQHandler                            0x0800017b   Thumb Code     0  startup_stm32f0xx.o(.text)
    WWDG_IRQHandler                          0x0800017b   Thumb Code     0  startup_stm32f0xx.o(.text)
    __user_initial_stackheap                 0x0800017d   Thumb Code     0  startup_stm32f0xx.o(.text)
    main                                     0x080001a1   Thumb Code    28  app.o(.text)
    NMI_Handler                              0x080001c1   Thumb Code     2  stm32f0xx_it.o(.text)
    HardFault_Handler                        0x080001c3   Thumb Code     4  stm32f0xx_it.o(.text)
    SVC_Handler                              0x080001c7   Thumb Code     2  stm32f0xx_it.o(.text)
    PendSV_Handler                           0x080001c9   Thumb Code     2  stm32f0xx_it.o(.text)
    EXTI4_15_IRQHandler                      0x080001cb   Thumb Code     2  stm32f0xx_it.o(.text)
    RTC_IRQHandler                           0x080001cd   Thumb Code     2  stm32f0xx_it.o(.text)
    TIM1_BRK_UP_TRG_COM_IRQHandler           0x080001cf   Thumb Code     2  stm32f0xx_it.o(.text)
    TIM3_IRQHandler                          0x080001d1   Thumb Code     2  stm32f0xx_it.o(.text)
    USART1_IRQHandler                        0x080001d3   Thumb Code     2  stm32f0xx_it.o(.text)
    USART2_IRQHandler                        0x080001d5   Thumb Code     2  stm32f0xx_it.o(.text)
    led_init                                 0x080001d9   Thumb Code    20  led.o(.text)
    led_ctl_on                               0x080001ed   Thumb Code    26  led.o(.text)
    led_ctl_off                              0x08000207   Thumb Code    26  led.o(.text)
    led_toggle                               0x08000221   Thumb Code    26  led.o(.text)
    led_blink_init                           0x0800023b   Thumb Code     2  led.o(.text)
    led_blink_deinit                         0x0800023d   Thumb Code     2  led.o(.text)
    tick_start                               0x08000249   Thumb Code    12  tick.o(.text)
    tick_delay                               0x08000255   Thumb Code    12  tick.o(.text)
    hal_io_init                              0x08000261   Thumb Code    46  hal_io.o(.text)
    hal_io_set                               0x0800028f   Thumb Code     4  hal_io.o(.text)
    hal_io_reset                             0x08000293   Thumb Code     4  hal_io.o(.text)
    hal_io_toggle                            0x08000297   Thumb Code     8  hal_io.o(.text)
    hal_io_read                              0x0800029f   Thumb Code     8  hal_io.o(.text)
    hal_systick_init                         0x080002a9   Thumb Code    68  hal_systick.o(.text)
    hal_systick_delay                        0x080002ed   Thumb Code    20  hal_systick.o(.text)
    HAL_Systick_Update                       0x08000301   Thumb Code    38  hal_systick.o(.text)
    HAL_Systick_Set_Timeout                  0x08000327   Thumb Code     6  hal_systick.o(.text)
    HAL_Systick_Get_Timeout                  0x0800032d   Thumb Code     4  hal_systick.o(.text)
    SysTick_Handler                          0x08000331   Thumb Code    20  hal_systick.o(.text)
    GPIO_DeInit                              0x080003d1   Thumb Code   132  stm32f0xx_gpio.o(.text)
    GPIO_Init                                0x08000455   Thumb Code   144  stm32f0xx_gpio.o(.text)
    GPIO_StructInit                          0x080004e5   Thumb Code    20  stm32f0xx_gpio.o(.text)
    GPIO_PinLockConfig                       0x080004f9   Thumb Code    34  stm32f0xx_gpio.o(.text)
    GPIO_ReadInputDataBit                    0x0800051b   Thumb Code    18  stm32f0xx_gpio.o(.text)
    GPIO_ReadInputData                       0x0800052d   Thumb Code     6  stm32f0xx_gpio.o(.text)
    GPIO_ReadOutputDataBit                   0x08000533   Thumb Code    18  stm32f0xx_gpio.o(.text)
    GPIO_ReadOutputData                      0x08000545   Thumb Code     6  stm32f0xx_gpio.o(.text)
    GPIO_SetBits                             0x0800054b   Thumb Code     4  stm32f0xx_gpio.o(.text)
    GPIO_ResetBits                           0x0800054f   Thumb Code     4  stm32f0xx_gpio.o(.text)
    GPIO_WriteBit                            0x08000553   Thumb Code    12  stm32f0xx_gpio.o(.text)
    GPIO_Write                               0x0800055f   Thumb Code     4  stm32f0xx_gpio.o(.text)
    GPIO_PinAFConfig                         0x08000563   Thumb Code    68  stm32f0xx_gpio.o(.text)
    SystemInit                               0x08000687   Thumb Code   110  system_stm32f0xx.o(.text)
    SystemCoreClockUpdate                    0x080006f5   Thumb Code   154  system_stm32f0xx.o(.text)
    RCC_DeInit                               0x080007b1   Thumb Code   104  stm32f0xx_rcc.o(.text)
    RCC_HSEConfig                            0x08000819   Thumb Code    12  stm32f0xx_rcc.o(.text)
    RCC_GetFlagStatus                        0x08000825   Thumb Code    66  stm32f0xx_rcc.o(.text)
    RCC_WaitForHSEStartUp                    0x08000867   Thumb Code    60  stm32f0xx_rcc.o(.text)
    RCC_AdjustHSICalibrationValue            0x080008a3   Thumb Code    26  stm32f0xx_rcc.o(.text)
    RCC_HSICmd                               0x080008bd   Thumb Code    32  stm32f0xx_rcc.o(.text)
    RCC_AdjustHSI14CalibrationValue          0x080008dd   Thumb Code    26  stm32f0xx_rcc.o(.text)
    RCC_HSI14Cmd                             0x080008f7   Thumb Code    32  stm32f0xx_rcc.o(.text)
    RCC_HSI14ADCRequestCmd                   0x08000917   Thumb Code    32  stm32f0xx_rcc.o(.text)
    RCC_LSEConfig                            0x08000937   Thumb Code    34  stm32f0xx_rcc.o(.text)
    RCC_LSEDriveConfig                       0x08000959   Thumb Code    22  stm32f0xx_rcc.o(.text)
    RCC_LSICmd                               0x0800096f   Thumb Code    32  stm32f0xx_rcc.o(.text)
    RCC_PLLConfig                            0x0800098f   Thumb Code    30  stm32f0xx_rcc.o(.text)
    RCC_PLLCmd                               0x080009ad   Thumb Code    36  stm32f0xx_rcc.o(.text)
    RCC_PREDIV1Config                        0x080009d1   Thumb Code    24  stm32f0xx_rcc.o(.text)
    RCC_ClockSecuritySystemCmd               0x080009e9   Thumb Code    36  stm32f0xx_rcc.o(.text)
    RCC_MCOConfig                            0x08000a0d   Thumb Code     6  stm32f0xx_rcc.o(.text)
    RCC_SYSCLKConfig                         0x08000a13   Thumb Code    24  stm32f0xx_rcc.o(.text)
    RCC_GetSYSCLKSource                      0x08000a2b   Thumb Code    10  stm32f0xx_rcc.o(.text)
    RCC_HCLKConfig                           0x08000a35   Thumb Code    28  stm32f0xx_rcc.o(.text)
    RCC_PCLKConfig                           0x08000a51   Thumb Code    30  stm32f0xx_rcc.o(.text)
    RCC_ADCCLKConfig                         0x08000a6f   Thumb Code    52  stm32f0xx_rcc.o(.text)
    RCC_CECCLKConfig                         0x08000aa3   Thumb Code    22  stm32f0xx_rcc.o(.text)
    RCC_I2CCLKConfig                         0x08000ab9   Thumb Code    22  stm32f0xx_rcc.o(.text)
    RCC_USARTCLKConfig                       0x08000acf   Thumb Code    22  stm32f0xx_rcc.o(.text)
    RCC_GetClocksFreq                        0x08000ae5   Thumb Code   368  stm32f0xx_rcc.o(.text)
    RCC_RTCCLKConfig                         0x08000c55   Thumb Code    12  stm32f0xx_rcc.o(.text)
    RCC_RTCCLKCmd                            0x08000c61   Thumb Code    36  stm32f0xx_rcc.o(.text)
    RCC_BackupResetCmd                       0x08000c85   Thumb Code    36  stm32f0xx_rcc.o(.text)
    RCC_AHBPeriphClockCmd                    0x08000ca9   Thumb Code    28  stm32f0xx_rcc.o(.text)
    RCC_APB2PeriphClockCmd                   0x08000cc5   Thumb Code    28  stm32f0xx_rcc.o(.text)
    RCC_APB1PeriphClockCmd                   0x08000ce1   Thumb Code    28  stm32f0xx_rcc.o(.text)
    RCC_AHBPeriphResetCmd                    0x08000cfd   Thumb Code    28  stm32f0xx_rcc.o(.text)
    RCC_APB2PeriphResetCmd                   0x08000d19   Thumb Code    28  stm32f0xx_rcc.o(.text)
    RCC_APB1PeriphResetCmd                   0x08000d35   Thumb Code    28  stm32f0xx_rcc.o(.text)
    RCC_ITConfig                             0x08000d51   Thumb Code    28  stm32f0xx_rcc.o(.text)
    RCC_ClearFlag                            0x08000d6d   Thumb Code    16  stm32f0xx_rcc.o(.text)
    RCC_GetITStatus                          0x08000d7d   Thumb Code    20  stm32f0xx_rcc.o(.text)
    RCC_ClearITPendingBit                    0x08000d91   Thumb Code     6  stm32f0xx_rcc.o(.text)
    __aeabi_uidiv                            0x08000da5   Thumb Code     0  aeabi_sdiv.o(.text)
    __aeabi_uidivmod                         0x08000da5   Thumb Code    20  aeabi_sdiv.o(.text)
    __aeabi_idiv                             0x08000db9   Thumb Code     0  aeabi_sdiv.o(.text)
    __aeabi_idivmod                          0x08000db9   Thumb Code   326  aeabi_sdiv.o(.text)
    __use_two_region_memory                  0x08000eff   Thumb Code     2  heapauxi.o(.text)
    __rt_heap_escrow$2region                 0x08000f01   Thumb Code     2  heapauxi.o(.text)
    __rt_heap_expand$2region                 0x08000f03   Thumb Code     2  heapauxi.o(.text)
    __user_setup_stackheap                   0x08000f05   Thumb Code    62  sys_stackheap_outer.o(.text)
    exit                                     0x08000f43   Thumb Code    12  exit.o(.text)
    __user_libspace                          0x08000f51   Thumb Code     8  libspace.o(.text)
    __user_perproc_libspace                  0x08000f51   Thumb Code     0  libspace.o(.text)
    __user_perthread_libspace                0x08000f51   Thumb Code     0  libspace.o(.text)
    _sys_exit                                0x08000f59   Thumb Code     8  sys_exit.o(.text)
    __I$use$semihosting                      0x08000f65   Thumb Code     0  use_no_semi.o(.text)
    __use_no_semihosting_swi                 0x08000f65   Thumb Code     2  use_no_semi.o(.text)
    __semihosting_library_function           0x08000f67   Thumb Code     0  indicate_semi.o(.text)
    Region$$Table$$Base                      0x08000f68   Number         0  anon$$obj.o(Region$$Table)
    Region$$Table$$Limit                     0x08000f88   Number         0  anon$$obj.o(Region$$Table)
    led_ios                                  0x20000000   Data          12  bsp.o(.data)
    led_io_cfg                               0x2000000c   Data           4  bsp.o(.data)
    TimingOut                                0x20000014   Data           4  hal_systick.o(.data)
    SystemCoreClock                          0x20000018   Data           4  system_stm32f0xx.o(.data)
    AHBPrescTable                            0x2000001c   Data          16  system_stm32f0xx.o(.data)
    __libspace_start                         0x2000003c   Data          96  libspace.o(.bss)
    __temporary_stack_top$libspace           0x2000009c   Data           0  libspace.o(.bss)



==============================================================================

Memory Map of the image

  Image Entry point : 0x080000c1

  Load Region LR_IROM1 (Base: 0x08000000, Size: 0x00000fc4, Max: 0x00010000, ABSOLUTE)

    Execution Region ER_IROM1 (Base: 0x08000000, Size: 0x00000f88, Max: 0x00010000, ABSOLUTE)

    Base Addr    Size         Type   Attr      Idx    E Section Name        Object

    0x08000000   0x000000c0   Data   RO            3    RESET               startup_stm32f0xx.o
    0x080000c0   0x00000008   Code   RO          476  * !!!main             c_p.l(__main.o)
    0x080000c8   0x0000003c   Code   RO          642    !!!scatter          c_p.l(__scatter.o)
    0x08000104   0x0000001a   Code   RO          644    !!handler_copy      c_p.l(__scatter_copy.o)
    0x0800011e   0x00000002   PAD
    0x08000120   0x0000001c   Code   RO          646    !!handler_zi        c_p.l(__scatter_zi.o)
    0x0800013c   0x00000002   Code   RO          514    .ARM.Collect$$libinit$$00000000  c_p.l(libinit.o)
    0x0800013e   0x00000004   Code   RO          527    .ARM.Collect$$libinit$$00000001  c_p.l(libinit2.o)
    0x08000142   0x00000000   Code   RO          531    .ARM.Collect$$libinit$$00000008  c_p.l(libinit2.o)
    0x08000142   0x00000000   Code   RO          533    .ARM.Collect$$libinit$$0000000A  c_p.l(libinit2.o)
    0x08000142   0x00000000   Code   RO          535    .ARM.Collect$$libinit$$0000000C  c_p.l(libinit2.o)
    0x08000142   0x00000000   Code   RO          538    .ARM.Collect$$libinit$$0000000F  c_p.l(libinit2.o)
    0x08000142   0x00000000   Code   RO          540    .ARM.Collect$$libinit$$00000011  c_p.l(libinit2.o)
    0x08000142   0x00000000   Code   RO          542    .ARM.Collect$$libinit$$00000013  c_p.l(libinit2.o)
    0x08000142   0x00000000   Code   RO          544    .ARM.Collect$$libinit$$00000015  c_p.l(libinit2.o)
    0x08000142   0x00000000   Code   RO          546    .ARM.Collect$$libinit$$00000017  c_p.l(libinit2.o)
    0x08000142   0x00000000   Code   RO          548    .ARM.Collect$$libinit$$00000019  c_p.l(libinit2.o)
    0x08000142   0x00000000   Code   RO          550    .ARM.Collect$$libinit$$0000001B  c_p.l(libinit2.o)
    0x08000142   0x00000000   Code   RO          552    .ARM.Collect$$libinit$$0000001D  c_p.l(libinit2.o)
    0x08000142   0x00000000   Code   RO          554    .ARM.Collect$$libinit$$0000001F  c_p.l(libinit2.o)
    0x08000142   0x00000000   Code   RO          556    .ARM.Collect$$libinit$$00000021  c_p.l(libinit2.o)
    0x08000142   0x00000000   Code   RO          558    .ARM.Collect$$libinit$$00000023  c_p.l(libinit2.o)
    0x08000142   0x00000000   Code   RO          562    .ARM.Collect$$libinit$$0000002A  c_p.l(libinit2.o)
    0x08000142   0x00000000   Code   RO          564    .ARM.Collect$$libinit$$0000002C  c_p.l(libinit2.o)
    0x08000142   0x00000000   Code   RO          566    .ARM.Collect$$libinit$$0000002E  c_p.l(libinit2.o)
    0x08000142   0x00000000   Code   RO          568    .ARM.Collect$$libinit$$00000030  c_p.l(libinit2.o)
    0x08000142   0x00000002   Code   RO          569    .ARM.Collect$$libinit$$00000031  c_p.l(libinit2.o)
    0x08000144   0x00000002   Code   RO          600    .ARM.Collect$$libshutdown$$00000000  c_p.l(libshutdown.o)
    0x08000146   0x00000000   Code   RO          627    .ARM.Collect$$libshutdown$$00000003  c_p.l(libshutdown2.o)
    0x08000146   0x00000000   Code   RO          630    .ARM.Collect$$libshutdown$$00000006  c_p.l(libshutdown2.o)
    0x08000146   0x00000000   Code   RO          633    .ARM.Collect$$libshutdown$$00000009  c_p.l(libshutdown2.o)
    0x08000146   0x00000000   Code   RO          635    .ARM.Collect$$libshutdown$$0000000B  c_p.l(libshutdown2.o)
    0x08000146   0x00000000   Code   RO          638    .ARM.Collect$$libshutdown$$0000000E  c_p.l(libshutdown2.o)
    0x08000146   0x00000002   Code   RO          639    .ARM.Collect$$libshutdown$$0000000F  c_p.l(libshutdown2.o)
    0x08000148   0x00000000   Code   RO          478    .ARM.Collect$$rtentry$$00000000  c_p.l(rtentry.o)
    0x08000148   0x00000000   Code   RO          484    .ARM.Collect$$rtentry$$00000002  c_p.l(rtentry2.o)
    0x08000148   0x00000006   Code   RO          496    .ARM.Collect$$rtentry$$00000004  c_p.l(rtentry4.o)
    0x0800014e   0x00000000   Code   RO          486    .ARM.Collect$$rtentry$$00000009  c_p.l(rtentry2.o)
    0x0800014e   0x00000004   Code   RO          487    .ARM.Collect$$rtentry$$0000000A  c_p.l(rtentry2.o)
    0x08000152   0x00000000   Code   RO          489    .ARM.Collect$$rtentry$$0000000C  c_p.l(rtentry2.o)
    0x08000152   0x00000008   Code   RO          490    .ARM.Collect$$rtentry$$0000000D  c_p.l(rtentry2.o)
    0x0800015a   0x00000002   Code   RO          519    .ARM.Collect$$rtexit$$00000000  c_p.l(rtexit.o)
    0x0800015c   0x00000000   Code   RO          573    .ARM.Collect$$rtexit$$00000002  c_p.l(rtexit2.o)
    0x0800015c   0x00000004   Code   RO          574    .ARM.Collect$$rtexit$$00000003  c_p.l(rtexit2.o)
    0x08000160   0x00000006   Code   RO          575    .ARM.Collect$$rtexit$$00000004  c_p.l(rtexit2.o)
    0x08000166   0x00000002   PAD
    0x08000168   0x00000038   Code   RO            4    .text               startup_stm32f0xx.o
    0x080001a0   0x00000020   Code   RO           11    .text               app.o
    0x080001c0   0x00000016   Code   RO          133    .text               stm32f0xx_it.o
    0x080001d6   0x00000002   PAD
    0x080001d8   0x00000070   Code   RO          149    .text               led.o
    0x08000248   0x00000018   Code   RO          166    .text               tick.o
    0x08000260   0x00000046   Code   RO          195    .text               hal_io.o
    0x080002a6   0x00000002   PAD
    0x080002a8   0x00000128   Code   RO          227    .text               hal_systick.o
    0x080003d0   0x000001ec   Code   RO          328    .text               stm32f0xx_gpio.o
    0x080005bc   0x000001f4   Code   RO          426    .text               system_stm32f0xx.o
    0x080007b0   0x000005f4   Code   RO          448    .text               stm32f0xx_rcc.o
    0x08000da4   0x0000015a   Code   RO          470    .text               c_p.l(aeabi_sdiv.o)
    0x08000efe   0x00000006   Code   RO          474    .text               c_p.l(heapauxi.o)
    0x08000f04   0x0000003e   Code   RO          500    .text               c_p.l(sys_stackheap_outer.o)
    0x08000f42   0x0000000c   Code   RO          503    .text               c_p.l(exit.o)
    0x08000f4e   0x00000002   PAD
    0x08000f50   0x00000008   Code   RO          515    .text               c_p.l(libspace.o)
    0x08000f58   0x0000000c   Code   RO          570    .text               c_p.l(sys_exit.o)
    0x08000f64   0x00000002   Code   RO          589    .text               c_p.l(use_no_semi.o)
    0x08000f66   0x00000000   Code   RO          591    .text               c_p.l(indicate_semi.o)
    0x08000f66   0x00000002   PAD
    0x08000f68   0x00000020   Data   RO          640    Region$$Table       anon$$obj.o


    Execution Region RW_IRAM1 (Base: 0x20000000, Size: 0x000006a0, Max: 0x00002000, ABSOLUTE)

    Base Addr    Size         Type   Attr      Idx    E Section Name        Object

    0x20000000   0x00000010   Data   RW          182    .data               bsp.o
    0x20000010   0x00000008   Data   RW          228    .data               hal_systick.o
    0x20000018   0x00000014   Data   RW          427    .data               system_stm32f0xx.o
    0x2000002c   0x00000010   Data   RW          449    .data               stm32f0xx_rcc.o
    0x2000003c   0x00000060   Zero   RW          516    .bss                c_p.l(libspace.o)
    0x2000009c   0x00000004   PAD
    0x200000a0   0x00000200   Zero   RW            2    HEAP                startup_stm32f0xx.o
    0x200002a0   0x00000400   Zero   RW            1    STACK               startup_stm32f0xx.o


==============================================================================

Image component sizes


      Code (inc. data)   RO Data    RW Data    ZI Data      Debug   Object Name

        32          4          0          0          0      93719   app.o
         0          0          0         16          0        525   bsp.o
        70          0          0          0          0       1580   hal_io.o
       296         30          0          8          0       7852   hal_systick.o
       112         10          0          0          0       1261   led.o
        56         26        192          0       1536        600   startup_stm32f0xx.o
       492         22          0          0          0       8025   stm32f0xx_gpio.o
        22          0          0          0          0       1265   stm32f0xx_it.o
      1524         44          0         16          0      18698   stm32f0xx_rcc.o
       500         34          0         20          0       1667   system_stm32f0xx.o
        24          0          0          0          0        584   tick.o

    ----------------------------------------------------------------------
      3132        170        224         60       1536     135776   Object Totals
         0          0         32          0          0          0   (incl. Generated)
         4          0          0          0          0          0   (incl. Padding)

    ----------------------------------------------------------------------

      Code (inc. data)   RO Data    RW Data    ZI Data      Debug   Library Member Name

         8          0          0          0          0         68   __main.o
        60          8          0          0          0          0   __scatter.o
        26          0          0          0          0          0   __scatter_copy.o
        28          0          0          0          0          0   __scatter_zi.o
       346          0          0          0          0         92   aeabi_sdiv.o
        12          0          0          0          0         64   exit.o
         6          0          0          0          0        136   heapauxi.o
         0          0          0          0          0          0   indicate_semi.o
         2          0          0          0          0          0   libinit.o
         6          0          0          0          0          0   libinit2.o
         2          0          0          0          0          0   libshutdown.o
         2          0          0          0          0          0   libshutdown2.o
         8          4          0          0         96         68   libspace.o
         0          0          0          0          0          0   rtentry.o
        12          0          0          0          0          0   rtentry2.o
         6          0          0          0          0          0   rtentry4.o
         2          0          0          0          0          0   rtexit.o
        10          0          0          0          0          0   rtexit2.o
        12          4          0          0          0         60   sys_exit.o
        62          0          0          0          0         80   sys_stackheap_outer.o
         2          0          0          0          0         68   use_no_semi.o

    ----------------------------------------------------------------------
       620         16          0          0        100        636   Library Totals
         8          0          0          0          4          0   (incl. Padding)

    ----------------------------------------------------------------------

      Code (inc. data)   RO Data    RW Data    ZI Data      Debug   Library Name

       612         16          0          0         96        636   c_p.l

    ----------------------------------------------------------------------
       620         16          0          0        100        636   Library Totals

    ----------------------------------------------------------------------

==============================================================================


      Code (inc. data)   RO Data    RW Data    ZI Data      Debug   

      3752        186        224         60       1636     135404   Grand Totals
      3752        186        224         60       1636     135404   ELF Image Totals
      3752        186        224         60          0          0   ROM Totals

==============================================================================

    Total RO  Size (Code + RO Data)                 3976 (   3.88kB)
    Total RW  Size (RW Data + ZI Data)              1696 (   1.66kB)
    Total ROM Size (Code + RO Data + RW Data)       4036 (   3.94kB)

==============================================================================

