ARM Linker, 5.03 [Build 76] [MDK-ARM Standard]

==============================================================================

Section Cross References

    startup_stm32f0xx.o(RESET) refers to startup_stm32f0xx.o(STACK) for __initial_sp
    startup_stm32f0xx.o(RESET) refers to startup_stm32f0xx.o(.text) for Reset_Handler
    startup_stm32f0xx.o(RESET) refers to hal_core.o(i.NMI_Handler) for NMI_Handler
    startup_stm32f0xx.o(RESET) refers to hal_core.o(i.HardFault_Handler) for HardFault_Handler
    startup_stm32f0xx.o(RESET) refers to hal_core.o(i.SVC_Handler) for SVC_Handler
    startup_stm32f0xx.o(RESET) refers to hal_core.o(i.PendSV_Handler) for PendSV_Handler
    startup_stm32f0xx.o(RESET) refers to hal_systick.o(i.SysTick_Handler) for SysTick_Handler
    startup_stm32f0xx.o(.text) refers to system_stm32f0xx.o(i.SystemInit) for SystemInit
    startup_stm32f0xx.o(.text) refers to entry.o(.ARM.Collect$$$$00000000) for __main
    app.o(i.USART1_Init) refers to stm32f0xx_rcc.o(i.RCC_AHBPeriphClockCmd) for RCC_AHBPeriphClockCmd
    app.o(i.USART1_Init) refers to stm32f0xx_rcc.o(i.RCC_APB2PeriphClockCmd) for RCC_APB2PeriphClockCmd
    app.o(i.USART1_Init) refers to stm32f0xx_usart.o(i.USART_Init) for USART_Init
    app.o(i.USART1_Init) refers to stm32f0xx_usart.o(i.USART_ITConfig) for USART_ITConfig
    app.o(i.USART1_Init) refers to stm32f0xx_usart.o(i.USART_Cmd) for USART_Cmd
    app.o(i.USART1_Init) refers to stm32f0xx_misc.o(i.NVIC_Init) for NVIC_Init
    app.o(i.main) refers to led.o(i.led_init) for led_init
    app.o(i.main) refers to tick.o(i.tick_start) for tick_start
    app.o(i.main) refers to app.o(i.USART1_Init) for USART1_Init
    app.o(i.main) refers to tick.o(i.tick_delay) for tick_delay
    app.o(i.main) refers to led.o(i.led_ctl_toggle) for led_ctl_toggle
    app.o(i.main) refers to bsp.o(.data) for led_io_cfg
    led.o(i.led_ctl_off) refers to hal_io.o(i.hal_io_set) for hal_io_set
    led.o(i.led_ctl_off) refers to bsp.o(.data) for led_ios
    led.o(i.led_ctl_on) refers to hal_io.o(i.hal_io_reset) for hal_io_reset
    led.o(i.led_ctl_on) refers to bsp.o(.data) for led_ios
    led.o(i.led_ctl_toggle) refers to hal_io.o(i.hal_io_toggle) for hal_io_toggle
    led.o(i.led_ctl_toggle) refers to bsp.o(.data) for led_ios
    led.o(i.led_init) refers to hal_io.o(i.hal_io_init) for hal_io_init
    led.o(i.led_init) refers to bsp.o(.data) for led_ios
    tick.o(i.tick_delay) refers to hal_systick.o(i.hal_systick_delay) for hal_systick_delay
    tick.o(i.tick_delay_ms) refers to hal_systick.o(i.hal_systick_delay) for hal_systick_delay
    tick.o(i.tick_delay_us) refers to hal_systick.o(i.hal_systick_delay) for hal_systick_delay
    tick.o(i.tick_start) refers to hal_systick.o(i.hal_systick_init) for hal_systick_init
    serial.o(i.console_init) refers to serial.o(.data) for console_uart
    serial.o(i.fgetc) refers to hal_uart.o(i.hal_uart_receive_byte) for hal_uart_receive_byte
    serial.o(i.fgetc) refers to hal_uart.o(i.hal_uart_send_byte) for hal_uart_send_byte
    serial.o(i.fgetc) refers to serial.o(.data) for console_uart
    serial.o(i.fputc) refers to hal_uart.o(i.hal_uart_send_byte) for hal_uart_send_byte
    serial.o(i.fputc) refers to serial.o(.data) for console_uart
    serial.o(i.serial_init) refers to hal_uart.o(i.hal_uart_init) for hal_uart_init
    serial.o(i.serial_init) refers to serial.o(.data) for console_uart
    hal_io.o(i.hal_io_init) refers to stm32f0xx_rcc.o(i.RCC_AHBPeriphClockCmd) for RCC_AHBPeriphClockCmd
    hal_io.o(i.hal_io_init) refers to stm32f0xx_gpio.o(i.GPIO_Init) for GPIO_Init
    hal_systick.o(i.HAL_Systick_Get_Timeout) refers to hal_systick.o(.data) for TimingOut
    hal_systick.o(i.HAL_Systick_Set_Timeout) refers to hal_systick.o(.data) for TimingOut
    hal_systick.o(i.HAL_Systick_Update) refers to hal_systick.o(.data) for TimingDelay
    hal_systick.o(i.SysTick_Handler) refers to hal_systick.o(.data) for TimingDelay
    hal_systick.o(i.hal_systick_delay) refers to hal_systick.o(.data) for TimingDelay
    hal_systick.o(i.hal_systick_init) refers to uidiv.o(.text) for __aeabi_uidivmod
    hal_systick.o(i.hal_systick_init) refers to hal_systick.o(i.NVIC_SetPriority) for NVIC_SetPriority
    hal_systick.o(i.hal_systick_init) refers to system_stm32f0xx.o(.data) for SystemCoreClock
    hal_uart.o(i.hal_uart_deinit) refers to stm32f0xx_usart.o(i.USART_DeInit) for USART_DeInit
    hal_uart.o(i.hal_uart_deinit) refers to hal_uart.o(.data) for stm32_usart
    hal_uart.o(i.hal_uart_init) refers to stm32f0xx_usart.o(i.USART_Init) for USART_Init
    hal_uart.o(i.hal_uart_receive_byte) refers to stm32f0xx_usart.o(i.USART_GetFlagStatus) for USART_GetFlagStatus
    hal_uart.o(i.hal_uart_receive_byte) refers to stm32f0xx_usart.o(i.USART_ReceiveData) for USART_ReceiveData
    hal_uart.o(i.hal_uart_receive_byte) refers to hal_uart.o(.data) for stm32_usart
    hal_uart.o(i.hal_uart_send_byte) refers to stm32f0xx_usart.o(i.USART_SendData) for USART_SendData
    hal_uart.o(i.hal_uart_send_byte) refers to stm32f0xx_usart.o(i.USART_GetFlagStatus) for USART_GetFlagStatus
    hal_uart.o(i.hal_uart_send_byte) refers to hal_uart.o(.data) for stm32_usart
    hal_uart.o(i.hal_uart_send_bytes) refers to hal_uart.o(i.hal_uart_send_byte) for hal_uart_send_byte
    hal_uart.o(i.hal_uart_send_string) refers to hal_uart.o(i.hal_uart_send_byte) for hal_uart_send_byte
    stm32f0xx_gpio.o(i.GPIO_DeInit) refers to stm32f0xx_rcc.o(i.RCC_AHBPeriphResetCmd) for RCC_AHBPeriphResetCmd
    stm32f0xx_i2c.o(i.I2C_DeInit) refers to stm32f0xx_rcc.o(i.RCC_APB1PeriphResetCmd) for RCC_APB1PeriphResetCmd
    stm32f0xx_spi.o(i.I2S_Init) refers to stm32f0xx_rcc.o(i.RCC_GetClocksFreq) for RCC_GetClocksFreq
    stm32f0xx_spi.o(i.I2S_Init) refers to uidiv.o(.text) for __aeabi_uidivmod
    stm32f0xx_spi.o(i.SPI_I2S_DeInit) refers to stm32f0xx_rcc.o(i.RCC_APB2PeriphResetCmd) for RCC_APB2PeriphResetCmd
    stm32f0xx_spi.o(i.SPI_I2S_DeInit) refers to stm32f0xx_rcc.o(i.RCC_APB1PeriphResetCmd) for RCC_APB1PeriphResetCmd
    stm32f0xx_usart.o(i.USART_DeInit) refers to stm32f0xx_rcc.o(i.RCC_APB2PeriphResetCmd) for RCC_APB2PeriphResetCmd
    stm32f0xx_usart.o(i.USART_DeInit) refers to stm32f0xx_rcc.o(i.RCC_APB1PeriphResetCmd) for RCC_APB1PeriphResetCmd
    stm32f0xx_usart.o(i.USART_Init) refers to stm32f0xx_rcc.o(i.RCC_GetClocksFreq) for RCC_GetClocksFreq
    stm32f0xx_usart.o(i.USART_Init) refers to uidiv.o(.text) for __aeabi_uidivmod
    system_stm32f0xx.o(i.SystemCoreClockUpdate) refers to uidiv.o(.text) for __aeabi_uidivmod
    system_stm32f0xx.o(i.SystemCoreClockUpdate) refers to system_stm32f0xx.o(.data) for SystemCoreClock
    system_stm32f0xx.o(i.SystemInit) refers to system_stm32f0xx.o(i.SetSysClock) for SetSysClock
    stm32f0xx_rcc.o(i.RCC_GetClocksFreq) refers to uidiv.o(.text) for __aeabi_uidivmod
    stm32f0xx_rcc.o(i.RCC_GetClocksFreq) refers to stm32f0xx_rcc.o(.data) for APBAHBPrescTable
    stm32f0xx_rcc.o(i.RCC_WaitForHSEStartUp) refers to stm32f0xx_rcc.o(i.RCC_GetFlagStatus) for RCC_GetFlagStatus
    stm32f0xx_adc.o(i.ADC_DeInit) refers to stm32f0xx_rcc.o(i.RCC_APB2PeriphResetCmd) for RCC_APB2PeriphResetCmd
    stm32f0xx_cec.o(i.CEC_DeInit) refers to stm32f0xx_rcc.o(i.RCC_APB1PeriphResetCmd) for RCC_APB1PeriphResetCmd
    stm32f0xx_dac.o(i.DAC_DeInit) refers to stm32f0xx_rcc.o(i.RCC_APB1PeriphResetCmd) for RCC_APB1PeriphResetCmd
    stm32f0xx_flash.o(i.FLASH_EraseAllPages) refers to stm32f0xx_flash.o(i.FLASH_WaitForLastOperation) for FLASH_WaitForLastOperation
    stm32f0xx_flash.o(i.FLASH_ErasePage) refers to stm32f0xx_flash.o(i.FLASH_WaitForLastOperation) for FLASH_WaitForLastOperation
    stm32f0xx_flash.o(i.FLASH_OB_BOOTConfig) refers to stm32f0xx_flash.o(i.FLASH_WaitForLastOperation) for FLASH_WaitForLastOperation
    stm32f0xx_flash.o(i.FLASH_OB_EnableWRP) refers to stm32f0xx_flash.o(i.FLASH_WaitForLastOperation) for FLASH_WaitForLastOperation
    stm32f0xx_flash.o(i.FLASH_OB_Erase) refers to stm32f0xx_flash.o(i.FLASH_OB_GetRDP) for FLASH_OB_GetRDP
    stm32f0xx_flash.o(i.FLASH_OB_Erase) refers to stm32f0xx_flash.o(i.FLASH_WaitForLastOperation) for FLASH_WaitForLastOperation
    stm32f0xx_flash.o(i.FLASH_OB_RDPConfig) refers to stm32f0xx_flash.o(i.FLASH_WaitForLastOperation) for FLASH_WaitForLastOperation
    stm32f0xx_flash.o(i.FLASH_OB_SRAMParityConfig) refers to stm32f0xx_flash.o(i.FLASH_WaitForLastOperation) for FLASH_WaitForLastOperation
    stm32f0xx_flash.o(i.FLASH_OB_UserConfig) refers to stm32f0xx_flash.o(i.FLASH_WaitForLastOperation) for FLASH_WaitForLastOperation
    stm32f0xx_flash.o(i.FLASH_OB_VDDAConfig) refers to stm32f0xx_flash.o(i.FLASH_WaitForLastOperation) for FLASH_WaitForLastOperation
    stm32f0xx_flash.o(i.FLASH_OB_WriteUser) refers to stm32f0xx_flash.o(i.FLASH_WaitForLastOperation) for FLASH_WaitForLastOperation
    stm32f0xx_flash.o(i.FLASH_ProgramHalfWord) refers to stm32f0xx_flash.o(i.FLASH_WaitForLastOperation) for FLASH_WaitForLastOperation
    stm32f0xx_flash.o(i.FLASH_ProgramOptionByteData) refers to stm32f0xx_flash.o(i.FLASH_WaitForLastOperation) for FLASH_WaitForLastOperation
    stm32f0xx_flash.o(i.FLASH_ProgramWord) refers to stm32f0xx_flash.o(i.FLASH_WaitForLastOperation) for FLASH_WaitForLastOperation
    stm32f0xx_flash.o(i.FLASH_WaitForLastOperation) refers to stm32f0xx_flash.o(i.FLASH_GetStatus) for FLASH_GetStatus
    stm32f0xx_pwr.o(i.PWR_DeInit) refers to stm32f0xx_rcc.o(i.RCC_APB1PeriphResetCmd) for RCC_APB1PeriphResetCmd
    stm32f0xx_rtc.o(i.RTC_DeInit) refers to stm32f0xx_rtc.o(i.RTC_EnterInitMode) for RTC_EnterInitMode
    stm32f0xx_rtc.o(i.RTC_DeInit) refers to stm32f0xx_rtc.o(i.RTC_WaitForSynchro) for RTC_WaitForSynchro
    stm32f0xx_rtc.o(i.RTC_GetAlarm) refers to stm32f0xx_rtc.o(i.RTC_Bcd2ToByte) for RTC_Bcd2ToByte
    stm32f0xx_rtc.o(i.RTC_GetDate) refers to stm32f0xx_rtc.o(i.RTC_Bcd2ToByte) for RTC_Bcd2ToByte
    stm32f0xx_rtc.o(i.RTC_GetTime) refers to stm32f0xx_rtc.o(i.RTC_Bcd2ToByte) for RTC_Bcd2ToByte
    stm32f0xx_rtc.o(i.RTC_GetTimeStamp) refers to stm32f0xx_rtc.o(i.RTC_Bcd2ToByte) for RTC_Bcd2ToByte
    stm32f0xx_rtc.o(i.RTC_Init) refers to stm32f0xx_rtc.o(i.RTC_EnterInitMode) for RTC_EnterInitMode
    stm32f0xx_rtc.o(i.RTC_Init) refers to stm32f0xx_rtc.o(i.RTC_ExitInitMode) for RTC_ExitInitMode
    stm32f0xx_rtc.o(i.RTC_RefClockCmd) refers to stm32f0xx_rtc.o(i.RTC_EnterInitMode) for RTC_EnterInitMode
    stm32f0xx_rtc.o(i.RTC_RefClockCmd) refers to stm32f0xx_rtc.o(i.RTC_ExitInitMode) for RTC_ExitInitMode
    stm32f0xx_rtc.o(i.RTC_SetAlarm) refers to stm32f0xx_rtc.o(i.RTC_Bcd2ToByte) for RTC_Bcd2ToByte
    stm32f0xx_rtc.o(i.RTC_SetAlarm) refers to stm32f0xx_rtc.o(i.RTC_ByteToBcd2) for RTC_ByteToBcd2
    stm32f0xx_rtc.o(i.RTC_SetDate) refers to stm32f0xx_rtc.o(i.RTC_Bcd2ToByte) for RTC_Bcd2ToByte
    stm32f0xx_rtc.o(i.RTC_SetDate) refers to stm32f0xx_rtc.o(i.RTC_ByteToBcd2) for RTC_ByteToBcd2
    stm32f0xx_rtc.o(i.RTC_SetDate) refers to stm32f0xx_rtc.o(i.RTC_EnterInitMode) for RTC_EnterInitMode
    stm32f0xx_rtc.o(i.RTC_SetDate) refers to stm32f0xx_rtc.o(i.RTC_ExitInitMode) for RTC_ExitInitMode
    stm32f0xx_rtc.o(i.RTC_SetDate) refers to stm32f0xx_rtc.o(i.RTC_WaitForSynchro) for RTC_WaitForSynchro
    stm32f0xx_rtc.o(i.RTC_SetTime) refers to stm32f0xx_rtc.o(i.RTC_Bcd2ToByte) for RTC_Bcd2ToByte
    stm32f0xx_rtc.o(i.RTC_SetTime) refers to stm32f0xx_rtc.o(i.RTC_ByteToBcd2) for RTC_ByteToBcd2
    stm32f0xx_rtc.o(i.RTC_SetTime) refers to stm32f0xx_rtc.o(i.RTC_EnterInitMode) for RTC_EnterInitMode
    stm32f0xx_rtc.o(i.RTC_SetTime) refers to stm32f0xx_rtc.o(i.RTC_ExitInitMode) for RTC_ExitInitMode
    stm32f0xx_rtc.o(i.RTC_SetTime) refers to stm32f0xx_rtc.o(i.RTC_WaitForSynchro) for RTC_WaitForSynchro
    stm32f0xx_rtc.o(i.RTC_SynchroShiftConfig) refers to stm32f0xx_rtc.o(i.RTC_WaitForSynchro) for RTC_WaitForSynchro
    stm32f0xx_tim.o(i.TIM_DeInit) refers to stm32f0xx_rcc.o(i.RCC_APB2PeriphResetCmd) for RCC_APB2PeriphResetCmd
    stm32f0xx_tim.o(i.TIM_DeInit) refers to stm32f0xx_rcc.o(i.RCC_APB1PeriphResetCmd) for RCC_APB1PeriphResetCmd
    stm32f0xx_tim.o(i.TIM_ETRClockMode1Config) refers to stm32f0xx_tim.o(i.TIM_ETRConfig) for TIM_ETRConfig
    stm32f0xx_tim.o(i.TIM_ETRClockMode2Config) refers to stm32f0xx_tim.o(i.TIM_ETRConfig) for TIM_ETRConfig
    stm32f0xx_tim.o(i.TIM_ICInit) refers to stm32f0xx_tim.o(i.TI1_Config) for TI1_Config
    stm32f0xx_tim.o(i.TIM_ICInit) refers to stm32f0xx_tim.o(i.TIM_SetIC1Prescaler) for TIM_SetIC1Prescaler
    stm32f0xx_tim.o(i.TIM_ICInit) refers to stm32f0xx_tim.o(i.TI2_Config) for TI2_Config
    stm32f0xx_tim.o(i.TIM_ICInit) refers to stm32f0xx_tim.o(i.TIM_SetIC2Prescaler) for TIM_SetIC2Prescaler
    stm32f0xx_tim.o(i.TIM_ICInit) refers to stm32f0xx_tim.o(i.TI3_Config) for TI3_Config
    stm32f0xx_tim.o(i.TIM_ICInit) refers to stm32f0xx_tim.o(i.TIM_SetIC3Prescaler) for TIM_SetIC3Prescaler
    stm32f0xx_tim.o(i.TIM_ICInit) refers to stm32f0xx_tim.o(i.TI4_Config) for TI4_Config
    stm32f0xx_tim.o(i.TIM_ICInit) refers to stm32f0xx_tim.o(i.TIM_SetIC4Prescaler) for TIM_SetIC4Prescaler
    stm32f0xx_tim.o(i.TIM_ITRxExternalClockConfig) refers to stm32f0xx_tim.o(i.TIM_SelectInputTrigger) for TIM_SelectInputTrigger
    stm32f0xx_tim.o(i.TIM_PWMIConfig) refers to stm32f0xx_tim.o(i.TI1_Config) for TI1_Config
    stm32f0xx_tim.o(i.TIM_PWMIConfig) refers to stm32f0xx_tim.o(i.TIM_SetIC1Prescaler) for TIM_SetIC1Prescaler
    stm32f0xx_tim.o(i.TIM_PWMIConfig) refers to stm32f0xx_tim.o(i.TI2_Config) for TI2_Config
    stm32f0xx_tim.o(i.TIM_PWMIConfig) refers to stm32f0xx_tim.o(i.TIM_SetIC2Prescaler) for TIM_SetIC2Prescaler
    stm32f0xx_tim.o(i.TIM_TIxExternalClockConfig) refers to stm32f0xx_tim.o(i.TI2_Config) for TI2_Config
    stm32f0xx_tim.o(i.TIM_TIxExternalClockConfig) refers to stm32f0xx_tim.o(i.TI1_Config) for TI1_Config
    stm32f0xx_tim.o(i.TIM_TIxExternalClockConfig) refers to stm32f0xx_tim.o(i.TIM_SelectInputTrigger) for TIM_SelectInputTrigger
    stm32f0xx_wwdg.o(i.WWDG_DeInit) refers to stm32f0xx_rcc.o(i.RCC_APB1PeriphResetCmd) for RCC_APB1PeriphResetCmd
    entry.o(.ARM.Collect$$$$00000000) refers (Special) to entry10a.o(.ARM.Collect$$$$0000000D) for __rt_final_cpp
    entry.o(.ARM.Collect$$$$00000000) refers (Special) to entry11a.o(.ARM.Collect$$$$0000000F) for __rt_final_exit
    entry.o(.ARM.Collect$$$$00000000) refers (Special) to entry7b.o(.ARM.Collect$$$$00000008) for _main_clock
    entry.o(.ARM.Collect$$$$00000000) refers (Special) to entry8b.o(.ARM.Collect$$$$0000000A) for _main_cpp_init
    entry.o(.ARM.Collect$$$$00000000) refers (Special) to entry9a.o(.ARM.Collect$$$$0000000B) for _main_init
    entry.o(.ARM.Collect$$$$00000000) refers (Special) to entry5.o(.ARM.Collect$$$$00000004) for _main_scatterload
    entry.o(.ARM.Collect$$$$00000000) refers (Special) to entry2.o(.ARM.Collect$$$$00000001) for _main_stk
    entry2.o(.ARM.Collect$$$$00000001) refers to entry2.o(.ARM.Collect$$$$00002712) for __lit__00000000
    entry2.o(.ARM.Collect$$$$00002712) refers to startup_stm32f0xx.o(STACK) for __initial_sp
    entry2.o(__vectab_stack_and_reset_area) refers to startup_stm32f0xx.o(STACK) for __initial_sp
    entry2.o(__vectab_stack_and_reset_area) refers to entry.o(.ARM.Collect$$$$00000000) for __main
    entry5.o(.ARM.Collect$$$$00000004) refers to init.o(.text) for __scatterload
    entry9a.o(.ARM.Collect$$$$0000000B) refers to app.o(i.main) for main
    entry9b.o(.ARM.Collect$$$$0000000C) refers to app.o(i.main) for main
    init.o(.text) refers to entry5.o(.ARM.Collect$$$$00000004) for __main_after_scatterload


==============================================================================

Removing Unused input sections from the image.

    Removing startup_stm32f0xx.o(HEAP), (512 bytes).
    Removing app.o(.emb_text), (8 bytes).
    Removing led.o(.emb_text), (8 bytes).
    Removing led.o(i.led_blink_deinit), (2 bytes).
    Removing led.o(i.led_blink_init), (2 bytes).
    Removing led.o(i.led_ctl_off), (28 bytes).
    Removing led.o(i.led_ctl_on), (28 bytes).
    Removing tick.o(.emb_text), (8 bytes).
    Removing tick.o(i.tick_call_delay), (12 bytes).
    Removing tick.o(i.tick_delay_ms), (18 bytes).
    Removing tick.o(i.tick_delay_us), (12 bytes).
    Removing tick.o(i.tick_register_cb), (2 bytes).
    Removing serial.o(.emb_text), (8 bytes).
    Removing serial.o(i.console_init), (12 bytes).
    Removing serial.o(i.fgetc), (40 bytes).
    Removing serial.o(i.fputc), (24 bytes).
    Removing serial.o(i.serial_init), (24 bytes).
    Removing serial.o(.data), (1 bytes).
    Removing bsp.o(.emb_text), (8 bytes).
    Removing hal_io.o(.emb_text), (8 bytes).
    Removing hal_io.o(i.hal_io_read), (8 bytes).
    Removing hal_io.o(i.hal_io_reset), (4 bytes).
    Removing hal_io.o(i.hal_io_set), (4 bytes).
    Removing hal_core.o(.emb_text), (14 bytes).
    Removing hal_core.o(i.int_all_disable), (4 bytes).
    Removing hal_core.o(i.int_all_enable), (4 bytes).
    Removing hal_systick.o(.emb_text), (8 bytes).
    Removing hal_systick.o(i.HAL_Systick_Get_Timeout), (8 bytes).
    Removing hal_systick.o(i.HAL_Systick_Set_Timeout), (12 bytes).
    Removing hal_systick.o(i.HAL_Systick_Update), (48 bytes).
    Removing hal_uart.o(.emb_text), (8 bytes).
    Removing hal_uart.o(i.hal_uart_deinit), (20 bytes).
    Removing hal_uart.o(i.hal_uart_init), (48 bytes).
    Removing hal_uart.o(i.hal_uart_receive_byte), (92 bytes).
    Removing hal_uart.o(i.hal_uart_receive_bytes), (8 bytes).
    Removing hal_uart.o(i.hal_uart_send_byte), (44 bytes).
    Removing hal_uart.o(i.hal_uart_send_bytes), (34 bytes).
    Removing hal_uart.o(i.hal_uart_send_string), (26 bytes).
    Removing hal_uart.o(.data), (8 bytes).
    Removing stm32f0xx_exti.o(.emb_text), (8 bytes).
    Removing stm32f0xx_exti.o(i.EXTI_ClearFlag), (12 bytes).
    Removing stm32f0xx_exti.o(i.EXTI_ClearITPendingBit), (12 bytes).
    Removing stm32f0xx_exti.o(i.EXTI_DeInit), (32 bytes).
    Removing stm32f0xx_exti.o(i.EXTI_GenerateSWInterrupt), (16 bytes).
    Removing stm32f0xx_exti.o(i.EXTI_GetFlagStatus), (24 bytes).
    Removing stm32f0xx_exti.o(i.EXTI_GetITStatus), (40 bytes).
    Removing stm32f0xx_exti.o(i.EXTI_Init), (136 bytes).
    Removing stm32f0xx_exti.o(i.EXTI_StructInit), (16 bytes).
    Removing stm32f0xx_gpio.o(.emb_text), (8 bytes).
    Removing stm32f0xx_gpio.o(i.GPIO_DeInit), (148 bytes).
    Removing stm32f0xx_gpio.o(i.GPIO_PinAFConfig), (68 bytes).
    Removing stm32f0xx_gpio.o(i.GPIO_PinLockConfig), (34 bytes).
    Removing stm32f0xx_gpio.o(i.GPIO_ReadInputData), (6 bytes).
    Removing stm32f0xx_gpio.o(i.GPIO_ReadInputDataBit), (18 bytes).
    Removing stm32f0xx_gpio.o(i.GPIO_ReadOutputData), (6 bytes).
    Removing stm32f0xx_gpio.o(i.GPIO_ReadOutputDataBit), (18 bytes).
    Removing stm32f0xx_gpio.o(i.GPIO_ResetBits), (4 bytes).
    Removing stm32f0xx_gpio.o(i.GPIO_SetBits), (4 bytes).
    Removing stm32f0xx_gpio.o(i.GPIO_StructInit), (24 bytes).
    Removing stm32f0xx_gpio.o(i.GPIO_Write), (4 bytes).
    Removing stm32f0xx_gpio.o(i.GPIO_WriteBit), (12 bytes).
    Removing stm32f0xx_i2c.o(.emb_text), (8 bytes).
    Removing stm32f0xx_i2c.o(i.I2C_10BitAddressHeaderCmd), (28 bytes).
    Removing stm32f0xx_i2c.o(i.I2C_10BitAddressingModeCmd), (28 bytes).
    Removing stm32f0xx_i2c.o(i.I2C_AcknowledgeConfig), (28 bytes).
    Removing stm32f0xx_i2c.o(i.I2C_AutoEndCmd), (28 bytes).
    Removing stm32f0xx_i2c.o(i.I2C_CalculatePEC), (28 bytes).
    Removing stm32f0xx_i2c.o(i.I2C_ClearFlag), (4 bytes).
    Removing stm32f0xx_i2c.o(i.I2C_ClearITPendingBit), (4 bytes).
    Removing stm32f0xx_i2c.o(i.I2C_ClockTimeoutCmd), (28 bytes).
    Removing stm32f0xx_i2c.o(i.I2C_Cmd), (24 bytes).
    Removing stm32f0xx_i2c.o(i.I2C_DMACmd), (20 bytes).
    Removing stm32f0xx_i2c.o(i.I2C_DeInit), (56 bytes).
    Removing stm32f0xx_i2c.o(i.I2C_DualAddressCmd), (28 bytes).
    Removing stm32f0xx_i2c.o(i.I2C_ExtendedClockTimeoutCmd), (26 bytes).
    Removing stm32f0xx_i2c.o(i.I2C_GeneralCallCmd), (28 bytes).
    Removing stm32f0xx_i2c.o(i.I2C_GenerateSTART), (28 bytes).
    Removing stm32f0xx_i2c.o(i.I2C_GenerateSTOP), (28 bytes).
    Removing stm32f0xx_i2c.o(i.I2C_GetAddressMatched), (14 bytes).
    Removing stm32f0xx_i2c.o(i.I2C_GetFlagStatus), (28 bytes).
    Removing stm32f0xx_i2c.o(i.I2C_GetITStatus), (28 bytes).
    Removing stm32f0xx_i2c.o(i.I2C_GetPEC), (8 bytes).
    Removing stm32f0xx_i2c.o(i.I2C_GetTransferDirection), (30 bytes).
    Removing stm32f0xx_i2c.o(i.I2C_ITConfig), (20 bytes).
    Removing stm32f0xx_i2c.o(i.I2C_IdleClockTimeoutCmd), (28 bytes).
    Removing stm32f0xx_i2c.o(i.I2C_Init), (108 bytes).
    Removing stm32f0xx_i2c.o(i.I2C_MasterRequestConfig), (28 bytes).
    Removing stm32f0xx_i2c.o(i.I2C_NumberOfBytesConfig), (28 bytes).
    Removing stm32f0xx_i2c.o(i.I2C_OwnAddress2Config), (36 bytes).
    Removing stm32f0xx_i2c.o(i.I2C_PECRequestCmd), (28 bytes).
    Removing stm32f0xx_i2c.o(i.I2C_ReadRegister), (22 bytes).
    Removing stm32f0xx_i2c.o(i.I2C_ReceiveData), (8 bytes).
    Removing stm32f0xx_i2c.o(i.I2C_ReloadCmd), (28 bytes).
    Removing stm32f0xx_i2c.o(i.I2C_SMBusAlertCmd), (28 bytes).
    Removing stm32f0xx_i2c.o(i.I2C_SendData), (4 bytes).
    Removing stm32f0xx_i2c.o(i.I2C_SlaveAddressConfig), (20 bytes).
    Removing stm32f0xx_i2c.o(i.I2C_SlaveByteControlCmd), (28 bytes).
    Removing stm32f0xx_i2c.o(i.I2C_SoftwareResetCmd), (28 bytes).
    Removing stm32f0xx_i2c.o(i.I2C_StopModeCmd), (28 bytes).
    Removing stm32f0xx_i2c.o(i.I2C_StretchClockCmd), (28 bytes).
    Removing stm32f0xx_i2c.o(i.I2C_StructInit), (24 bytes).
    Removing stm32f0xx_i2c.o(i.I2C_TimeoutAConfig), (20 bytes).
    Removing stm32f0xx_i2c.o(i.I2C_TimeoutBConfig), (32 bytes).
    Removing stm32f0xx_i2c.o(i.I2C_TransferHandling), (44 bytes).
    Removing stm32f0xx_misc.o(.emb_text), (8 bytes).
    Removing stm32f0xx_misc.o(i.NVIC_SystemLPConfig), (32 bytes).
    Removing stm32f0xx_misc.o(i.SysTick_CLKSourceConfig), (36 bytes).
    Removing stm32f0xx_spi.o(.emb_text), (8 bytes).
    Removing stm32f0xx_spi.o(i.I2S_Cmd), (32 bytes).
    Removing stm32f0xx_spi.o(i.I2S_Init), (232 bytes).
    Removing stm32f0xx_spi.o(i.I2S_StructInit), (20 bytes).
    Removing stm32f0xx_spi.o(i.SPI_BiDirectionalLineConfig), (32 bytes).
    Removing stm32f0xx_spi.o(i.SPI_CRCLengthConfig), (20 bytes).
    Removing stm32f0xx_spi.o(i.SPI_CalculateCRC), (32 bytes).
    Removing stm32f0xx_spi.o(i.SPI_Cmd), (28 bytes).
    Removing stm32f0xx_spi.o(i.SPI_DataSizeConfig), (24 bytes).
    Removing stm32f0xx_spi.o(i.SPI_GetCRC), (16 bytes).
    Removing stm32f0xx_spi.o(i.SPI_GetCRCPolynomial), (6 bytes).
    Removing stm32f0xx_spi.o(i.SPI_GetReceptionFIFOStatus), (12 bytes).
    Removing stm32f0xx_spi.o(i.SPI_GetTransmissionFIFOStatus), (12 bytes).
    Removing stm32f0xx_spi.o(i.SPI_I2S_ClearFlag), (6 bytes).
    Removing stm32f0xx_spi.o(i.SPI_I2S_DMACmd), (20 bytes).
    Removing stm32f0xx_spi.o(i.SPI_I2S_DeInit), (60 bytes).
    Removing stm32f0xx_spi.o(i.SPI_I2S_GetFlagStatus), (18 bytes).
    Removing stm32f0xx_spi.o(i.SPI_I2S_GetITStatus), (54 bytes).
    Removing stm32f0xx_spi.o(i.SPI_I2S_ITConfig), (34 bytes).
    Removing stm32f0xx_spi.o(i.SPI_I2S_ReceiveData16), (6 bytes).
    Removing stm32f0xx_spi.o(i.SPI_I2S_SendData16), (4 bytes).
    Removing stm32f0xx_spi.o(i.SPI_Init), (88 bytes).
    Removing stm32f0xx_spi.o(i.SPI_LastDMATransferCmd), (20 bytes).
    Removing stm32f0xx_spi.o(i.SPI_NSSInternalSoftwareConfig), (32 bytes).
    Removing stm32f0xx_spi.o(i.SPI_NSSPulseModeCmd), (28 bytes).
    Removing stm32f0xx_spi.o(i.SPI_ReceiveData8), (12 bytes).
    Removing stm32f0xx_spi.o(i.SPI_RxFIFOThresholdConfig), (20 bytes).
    Removing stm32f0xx_spi.o(i.SPI_SSOutputCmd), (28 bytes).
    Removing stm32f0xx_spi.o(i.SPI_SendData8), (10 bytes).
    Removing stm32f0xx_spi.o(i.SPI_StructInit), (30 bytes).
    Removing stm32f0xx_spi.o(i.SPI_TIModeCmd), (28 bytes).
    Removing stm32f0xx_spi.o(i.SPI_TransmitCRC), (12 bytes).
    Removing stm32f0xx_usart.o(.emb_text), (8 bytes).
    Removing stm32f0xx_usart.o(i.USART_AddressDetectionConfig), (16 bytes).
    Removing stm32f0xx_usart.o(i.USART_AutoBaudRateCmd), (28 bytes).
    Removing stm32f0xx_usart.o(i.USART_AutoBaudRateConfig), (18 bytes).
    Removing stm32f0xx_usart.o(i.USART_AutoBaudRateNewRequest), (12 bytes).
    Removing stm32f0xx_usart.o(i.USART_ClearFlag), (4 bytes).
    Removing stm32f0xx_usart.o(i.USART_ClearITPendingBit), (18 bytes).
    Removing stm32f0xx_usart.o(i.USART_ClockInit), (36 bytes).
    Removing stm32f0xx_usart.o(i.USART_ClockStructInit), (12 bytes).
    Removing stm32f0xx_usart.o(i.USART_DECmd), (28 bytes).
    Removing stm32f0xx_usart.o(i.USART_DEPolarityConfig), (18 bytes).
    Removing stm32f0xx_usart.o(i.USART_DMACmd), (20 bytes).
    Removing stm32f0xx_usart.o(i.USART_DMAReceptionErrorConfig), (18 bytes).
    Removing stm32f0xx_usart.o(i.USART_DataInvCmd), (28 bytes).
    Removing stm32f0xx_usart.o(i.USART_DeInit), (64 bytes).
    Removing stm32f0xx_usart.o(i.USART_DirectionModeCmd), (20 bytes).
    Removing stm32f0xx_usart.o(i.USART_GetFlagStatus), (18 bytes).
    Removing stm32f0xx_usart.o(i.USART_GetITStatus), (78 bytes).
    Removing stm32f0xx_usart.o(i.USART_HalfDuplexCmd), (24 bytes).
    Removing stm32f0xx_usart.o(i.USART_InvPinCmd), (20 bytes).
    Removing stm32f0xx_usart.o(i.USART_IrDACmd), (24 bytes).
    Removing stm32f0xx_usart.o(i.USART_IrDAConfig), (16 bytes).
    Removing stm32f0xx_usart.o(i.USART_LINBreakDetectLengthConfig), (16 bytes).
    Removing stm32f0xx_usart.o(i.USART_LINCmd), (28 bytes).
    Removing stm32f0xx_usart.o(i.USART_MSBFirstCmd), (28 bytes).
    Removing stm32f0xx_usart.o(i.USART_MuteModeCmd), (28 bytes).
    Removing stm32f0xx_usart.o(i.USART_MuteModeWakeUpConfig), (18 bytes).
    Removing stm32f0xx_usart.o(i.USART_OneBitMethodCmd), (28 bytes).
    Removing stm32f0xx_usart.o(i.USART_OverSampling8Cmd), (28 bytes).
    Removing stm32f0xx_usart.o(i.USART_OverrunDetectionConfig), (18 bytes).
    Removing stm32f0xx_usart.o(i.USART_ReceiveData), (10 bytes).
    Removing stm32f0xx_usart.o(i.USART_ReceiverTimeOutCmd), (28 bytes).
    Removing stm32f0xx_usart.o(i.USART_RequestCmd), (20 bytes).
    Removing stm32f0xx_usart.o(i.USART_STOPModeCmd), (24 bytes).
    Removing stm32f0xx_usart.o(i.USART_SWAPPinCmd), (28 bytes).
    Removing stm32f0xx_usart.o(i.USART_SendData), (8 bytes).
    Removing stm32f0xx_usart.o(i.USART_SetAddress), (18 bytes).
    Removing stm32f0xx_usart.o(i.USART_SetAutoRetryCount), (20 bytes).
    Removing stm32f0xx_usart.o(i.USART_SetBlockLength), (18 bytes).
    Removing stm32f0xx_usart.o(i.USART_SetDEAssertionTime), (20 bytes).
    Removing stm32f0xx_usart.o(i.USART_SetDEDeassertionTime), (20 bytes).
    Removing stm32f0xx_usart.o(i.USART_SetGuardTime), (16 bytes).
    Removing stm32f0xx_usart.o(i.USART_SetPrescaler), (18 bytes).
    Removing stm32f0xx_usart.o(i.USART_SetReceiverTimeOut), (16 bytes).
    Removing stm32f0xx_usart.o(i.USART_SmartCardCmd), (24 bytes).
    Removing stm32f0xx_usart.o(i.USART_SmartCardNACKCmd), (24 bytes).
    Removing stm32f0xx_usart.o(i.USART_StopModeWakeUpSourceConfig), (18 bytes).
    Removing stm32f0xx_usart.o(i.USART_StructInit), (24 bytes).
    Removing system_stm32f0xx.o(.emb_text), (8 bytes).
    Removing system_stm32f0xx.o(i.SystemCoreClockUpdate), (176 bytes).
    Removing stm32f0xx_rcc.o(.emb_text), (8 bytes).
    Removing stm32f0xx_rcc.o(i.RCC_ADCCLKConfig), (56 bytes).
    Removing stm32f0xx_rcc.o(i.RCC_AHBPeriphResetCmd), (32 bytes).
    Removing stm32f0xx_rcc.o(i.RCC_APB1PeriphClockCmd), (32 bytes).
    Removing stm32f0xx_rcc.o(i.RCC_APB1PeriphResetCmd), (32 bytes).
    Removing stm32f0xx_rcc.o(i.RCC_APB2PeriphResetCmd), (32 bytes).
    Removing stm32f0xx_rcc.o(i.RCC_AdjustHSI14CalibrationValue), (32 bytes).
    Removing stm32f0xx_rcc.o(i.RCC_AdjustHSICalibrationValue), (32 bytes).
    Removing stm32f0xx_rcc.o(i.RCC_BackupResetCmd), (40 bytes).
    Removing stm32f0xx_rcc.o(i.RCC_CECCLKConfig), (28 bytes).
    Removing stm32f0xx_rcc.o(i.RCC_ClearFlag), (20 bytes).
    Removing stm32f0xx_rcc.o(i.RCC_ClearITPendingBit), (12 bytes).
    Removing stm32f0xx_rcc.o(i.RCC_ClockSecuritySystemCmd), (40 bytes).
    Removing stm32f0xx_rcc.o(i.RCC_DeInit), (116 bytes).
    Removing stm32f0xx_rcc.o(i.RCC_GetFlagStatus), (72 bytes).
    Removing stm32f0xx_rcc.o(i.RCC_GetITStatus), (24 bytes).
    Removing stm32f0xx_rcc.o(i.RCC_GetSYSCLKSource), (16 bytes).
    Removing stm32f0xx_rcc.o(i.RCC_HCLKConfig), (32 bytes).
    Removing stm32f0xx_rcc.o(i.RCC_HSEConfig), (16 bytes).
    Removing stm32f0xx_rcc.o(i.RCC_HSI14ADCRequestCmd), (36 bytes).
    Removing stm32f0xx_rcc.o(i.RCC_HSI14Cmd), (36 bytes).
    Removing stm32f0xx_rcc.o(i.RCC_HSICmd), (36 bytes).
    Removing stm32f0xx_rcc.o(i.RCC_I2CCLKConfig), (28 bytes).
    Removing stm32f0xx_rcc.o(i.RCC_ITConfig), (32 bytes).
    Removing stm32f0xx_rcc.o(i.RCC_LSEConfig), (40 bytes).
    Removing stm32f0xx_rcc.o(i.RCC_LSEDriveConfig), (28 bytes).
    Removing stm32f0xx_rcc.o(i.RCC_LSICmd), (36 bytes).
    Removing stm32f0xx_rcc.o(i.RCC_MCOConfig), (12 bytes).
    Removing stm32f0xx_rcc.o(i.RCC_PCLKConfig), (36 bytes).
    Removing stm32f0xx_rcc.o(i.RCC_PLLCmd), (40 bytes).
    Removing stm32f0xx_rcc.o(i.RCC_PLLConfig), (36 bytes).
    Removing stm32f0xx_rcc.o(i.RCC_PREDIV1Config), (28 bytes).
    Removing stm32f0xx_rcc.o(i.RCC_RTCCLKCmd), (40 bytes).
    Removing stm32f0xx_rcc.o(i.RCC_RTCCLKConfig), (16 bytes).
    Removing stm32f0xx_rcc.o(i.RCC_SYSCLKConfig), (28 bytes).
    Removing stm32f0xx_rcc.o(i.RCC_USARTCLKConfig), (28 bytes).
    Removing stm32f0xx_rcc.o(i.RCC_WaitForHSEStartUp), (60 bytes).
    Removing stm32f0xx_syscfg.o(.emb_text), (8 bytes).
    Removing stm32f0xx_syscfg.o(i.SYSCFG_BreakConfig), (16 bytes).
    Removing stm32f0xx_syscfg.o(i.SYSCFG_ClearFlag), (16 bytes).
    Removing stm32f0xx_syscfg.o(i.SYSCFG_DMAChannelRemapConfig), (32 bytes).
    Removing stm32f0xx_syscfg.o(i.SYSCFG_DeInit), (44 bytes).
    Removing stm32f0xx_syscfg.o(i.SYSCFG_EXTILineConfig), (64 bytes).
    Removing stm32f0xx_syscfg.o(i.SYSCFG_GetFlagStatus), (28 bytes).
    Removing stm32f0xx_syscfg.o(i.SYSCFG_I2CFastModePlusConfig), (32 bytes).
    Removing stm32f0xx_syscfg.o(i.SYSCFG_MemoryRemapConfig), (28 bytes).
    Removing stm32f0xx_iwdg.o(.emb_text), (8 bytes).
    Removing stm32f0xx_iwdg.o(i.IWDG_Enable), (16 bytes).
    Removing stm32f0xx_iwdg.o(i.IWDG_GetFlagStatus), (24 bytes).
    Removing stm32f0xx_iwdg.o(i.IWDG_ReloadCounter), (16 bytes).
    Removing stm32f0xx_iwdg.o(i.IWDG_SetPrescaler), (12 bytes).
    Removing stm32f0xx_iwdg.o(i.IWDG_SetReload), (12 bytes).
    Removing stm32f0xx_iwdg.o(i.IWDG_SetWindowValue), (12 bytes).
    Removing stm32f0xx_iwdg.o(i.IWDG_WriteAccessCmd), (12 bytes).
    Removing stm32f0xx_dma.o(.emb_text), (8 bytes).
    Removing stm32f0xx_dma.o(i.DMA_ClearFlag), (12 bytes).
    Removing stm32f0xx_dma.o(i.DMA_ClearITPendingBit), (12 bytes).
    Removing stm32f0xx_dma.o(i.DMA_Cmd), (28 bytes).
    Removing stm32f0xx_dma.o(i.DMA_DeInit), (160 bytes).
    Removing stm32f0xx_dma.o(i.DMA_GetCurrDataCounter), (8 bytes).
    Removing stm32f0xx_dma.o(i.DMA_GetFlagStatus), (24 bytes).
    Removing stm32f0xx_dma.o(i.DMA_GetITStatus), (24 bytes).
    Removing stm32f0xx_dma.o(i.DMA_ITConfig), (20 bytes).
    Removing stm32f0xx_dma.o(i.DMA_Init), (64 bytes).
    Removing stm32f0xx_dma.o(i.DMA_SetCurrDataCounter), (4 bytes).
    Removing stm32f0xx_dma.o(i.DMA_StructInit), (26 bytes).
    Removing stm32f0xx_dbgmcu.o(.emb_text), (8 bytes).
    Removing stm32f0xx_dbgmcu.o(i.DBGMCU_APB1PeriphConfig), (32 bytes).
    Removing stm32f0xx_dbgmcu.o(i.DBGMCU_APB2PeriphConfig), (32 bytes).
    Removing stm32f0xx_dbgmcu.o(i.DBGMCU_Config), (32 bytes).
    Removing stm32f0xx_dbgmcu.o(i.DBGMCU_GetDEVID), (16 bytes).
    Removing stm32f0xx_dbgmcu.o(i.DBGMCU_GetREVID), (12 bytes).
    Removing stm32f0xx_adc.o(.emb_text), (8 bytes).
    Removing stm32f0xx_adc.o(i.ADC_AnalogWatchdogCmd), (28 bytes).
    Removing stm32f0xx_adc.o(i.ADC_AnalogWatchdogSingleChannelCmd), (28 bytes).
    Removing stm32f0xx_adc.o(i.ADC_AnalogWatchdogSingleChannelConfig), (28 bytes).
    Removing stm32f0xx_adc.o(i.ADC_AnalogWatchdogThresholdsConfig), (8 bytes).
    Removing stm32f0xx_adc.o(i.ADC_AutoPowerOffCmd), (28 bytes).
    Removing stm32f0xx_adc.o(i.ADC_ChannelConfig), (24 bytes).
    Removing stm32f0xx_adc.o(i.ADC_ClearFlag), (4 bytes).
    Removing stm32f0xx_adc.o(i.ADC_ClearITPendingBit), (4 bytes).
    Removing stm32f0xx_adc.o(i.ADC_Cmd), (24 bytes).
    Removing stm32f0xx_adc.o(i.ADC_ContinuousModeCmd), (28 bytes).
    Removing stm32f0xx_adc.o(i.ADC_DMACmd), (24 bytes).
    Removing stm32f0xx_adc.o(i.ADC_DMARequestModeConfig), (16 bytes).
    Removing stm32f0xx_adc.o(i.ADC_DeInit), (32 bytes).
    Removing stm32f0xx_adc.o(i.ADC_DiscModeCmd), (28 bytes).
    Removing stm32f0xx_adc.o(i.ADC_GetCalibrationFactor), (58 bytes).
    Removing stm32f0xx_adc.o(i.ADC_GetConversionValue), (8 bytes).
    Removing stm32f0xx_adc.o(i.ADC_GetFlagStatus), (44 bytes).
    Removing stm32f0xx_adc.o(i.ADC_GetITStatus), (32 bytes).
    Removing stm32f0xx_adc.o(i.ADC_ITConfig), (20 bytes).
    Removing stm32f0xx_adc.o(i.ADC_Init), (44 bytes).
    Removing stm32f0xx_adc.o(i.ADC_JitterCmd), (20 bytes).
    Removing stm32f0xx_adc.o(i.ADC_OverrunModeCmd), (28 bytes).
    Removing stm32f0xx_adc.o(i.ADC_StartOfConversion), (10 bytes).
    Removing stm32f0xx_adc.o(i.ADC_StopOfConversion), (10 bytes).
    Removing stm32f0xx_adc.o(i.ADC_StructInit), (16 bytes).
    Removing stm32f0xx_adc.o(i.ADC_TempSensorCmd), (40 bytes).
    Removing stm32f0xx_adc.o(i.ADC_VbatCmd), (40 bytes).
    Removing stm32f0xx_adc.o(i.ADC_VrefintCmd), (40 bytes).
    Removing stm32f0xx_adc.o(i.ADC_WaitModeCmd), (28 bytes).
    Removing stm32f0xx_cec.o(.emb_text), (8 bytes).
    Removing stm32f0xx_cec.o(i.CEC_ClearFlag), (12 bytes).
    Removing stm32f0xx_cec.o(i.CEC_ClearITPendingBit), (12 bytes).
    Removing stm32f0xx_cec.o(i.CEC_Cmd), (36 bytes).
    Removing stm32f0xx_cec.o(i.CEC_DeInit), (22 bytes).
    Removing stm32f0xx_cec.o(i.CEC_EndOfMessage), (20 bytes).
    Removing stm32f0xx_cec.o(i.CEC_GetFlagStatus), (24 bytes).
    Removing stm32f0xx_cec.o(i.CEC_GetITStatus), (40 bytes).
    Removing stm32f0xx_cec.o(i.CEC_ITConfig), (36 bytes).
    Removing stm32f0xx_cec.o(i.CEC_Init), (52 bytes).
    Removing stm32f0xx_cec.o(i.CEC_ListenModeCmd), (40 bytes).
    Removing stm32f0xx_cec.o(i.CEC_OwnAddressClear), (12 bytes).
    Removing stm32f0xx_cec.o(i.CEC_OwnAddressConfig), (28 bytes).
    Removing stm32f0xx_cec.o(i.CEC_ReceiveData), (12 bytes).
    Removing stm32f0xx_cec.o(i.CEC_SendData), (12 bytes).
    Removing stm32f0xx_cec.o(i.CEC_StartOfMessage), (20 bytes).
    Removing stm32f0xx_cec.o(i.CEC_StructInit), (18 bytes).
    Removing stm32f0xx_comp.o(.emb_text), (8 bytes).
    Removing stm32f0xx_comp.o(i.COMP_Cmd), (40 bytes).
    Removing stm32f0xx_comp.o(i.COMP_DeInit), (12 bytes).
    Removing stm32f0xx_comp.o(i.COMP_GetOutputLevel), (32 bytes).
    Removing stm32f0xx_comp.o(i.COMP_Init), (56 bytes).
    Removing stm32f0xx_comp.o(i.COMP_LockConfig), (24 bytes).
    Removing stm32f0xx_comp.o(i.COMP_StructInit), (16 bytes).
    Removing stm32f0xx_comp.o(i.COMP_SwitchCmd), (36 bytes).
    Removing stm32f0xx_comp.o(i.COMP_WindowCmd), (40 bytes).
    Removing stm32f0xx_crc.o(.emb_text), (8 bytes).
    Removing stm32f0xx_crc.o(i.CRC_CalcBlockCRC), (36 bytes).
    Removing stm32f0xx_crc.o(i.CRC_CalcCRC), (16 bytes).
    Removing stm32f0xx_crc.o(i.CRC_DeInit), (28 bytes).
    Removing stm32f0xx_crc.o(i.CRC_GetCRC), (12 bytes).
    Removing stm32f0xx_crc.o(i.CRC_GetIDRegister), (12 bytes).
    Removing stm32f0xx_crc.o(i.CRC_ResetDR), (12 bytes).
    Removing stm32f0xx_crc.o(i.CRC_ReverseInputDataSelect), (32 bytes).
    Removing stm32f0xx_crc.o(i.CRC_ReverseOutputDataCmd), (36 bytes).
    Removing stm32f0xx_crc.o(i.CRC_SetIDRegister), (12 bytes).
    Removing stm32f0xx_crc.o(i.CRC_SetInitRegister), (12 bytes).
    Removing stm32f0xx_dac.o(.emb_text), (8 bytes).
    Removing stm32f0xx_dac.o(i.DAC_ClearFlag), (16 bytes).
    Removing stm32f0xx_dac.o(i.DAC_ClearITPendingBit), (16 bytes).
    Removing stm32f0xx_dac.o(i.DAC_Cmd), (40 bytes).
    Removing stm32f0xx_dac.o(i.DAC_DMACmd), (44 bytes).
    Removing stm32f0xx_dac.o(i.DAC_DeInit), (22 bytes).
    Removing stm32f0xx_dac.o(i.DAC_GetDataOutputValue), (36 bytes).
    Removing stm32f0xx_dac.o(i.DAC_GetFlagStatus), (32 bytes).
    Removing stm32f0xx_dac.o(i.DAC_GetITStatus), (48 bytes).
    Removing stm32f0xx_dac.o(i.DAC_ITConfig), (44 bytes).
    Removing stm32f0xx_dac.o(i.DAC_Init), (44 bytes).
    Removing stm32f0xx_dac.o(i.DAC_SetChannel1Data), (32 bytes).
    Removing stm32f0xx_dac.o(i.DAC_SoftwareTriggerCmd), (48 bytes).
    Removing stm32f0xx_dac.o(i.DAC_StructInit), (8 bytes).
    Removing stm32f0xx_flash.o(.emb_text), (8 bytes).
    Removing stm32f0xx_flash.o(i.FLASH_ClearFlag), (12 bytes).
    Removing stm32f0xx_flash.o(i.FLASH_EraseAllPages), (72 bytes).
    Removing stm32f0xx_flash.o(i.FLASH_ErasePage), (76 bytes).
    Removing stm32f0xx_flash.o(i.FLASH_GetFlagStatus), (24 bytes).
    Removing stm32f0xx_flash.o(i.FLASH_GetPrefetchBufferStatus), (24 bytes).
    Removing stm32f0xx_flash.o(i.FLASH_GetStatus), (52 bytes).
    Removing stm32f0xx_flash.o(i.FLASH_ITConfig), (32 bytes).
    Removing stm32f0xx_flash.o(i.FLASH_Lock), (20 bytes).
    Removing stm32f0xx_flash.o(i.FLASH_OB_BOOTConfig), (80 bytes).
    Removing stm32f0xx_flash.o(i.FLASH_OB_EnableWRP), (120 bytes).
    Removing stm32f0xx_flash.o(i.FLASH_OB_Erase), (152 bytes).
    Removing stm32f0xx_flash.o(i.FLASH_OB_GetRDP), (24 bytes).
    Removing stm32f0xx_flash.o(i.FLASH_OB_GetUser), (16 bytes).
    Removing stm32f0xx_flash.o(i.FLASH_OB_GetWRP), (12 bytes).
    Removing stm32f0xx_flash.o(i.FLASH_OB_Launch), (20 bytes).
    Removing stm32f0xx_flash.o(i.FLASH_OB_Lock), (20 bytes).
    Removing stm32f0xx_flash.o(i.FLASH_OB_RDPConfig), (144 bytes).
    Removing stm32f0xx_flash.o(i.FLASH_OB_SRAMParityConfig), (80 bytes).
    Removing stm32f0xx_flash.o(i.FLASH_OB_Unlock), (36 bytes).
    Removing stm32f0xx_flash.o(i.FLASH_OB_UserConfig), (88 bytes).
    Removing stm32f0xx_flash.o(i.FLASH_OB_VDDAConfig), (80 bytes).
    Removing stm32f0xx_flash.o(i.FLASH_OB_WriteUser), (80 bytes).
    Removing stm32f0xx_flash.o(i.FLASH_PrefetchBufferCmd), (36 bytes).
    Removing stm32f0xx_flash.o(i.FLASH_ProgramHalfWord), (68 bytes).
    Removing stm32f0xx_flash.o(i.FLASH_ProgramOptionByteData), (72 bytes).
    Removing stm32f0xx_flash.o(i.FLASH_ProgramWord), (108 bytes).
    Removing stm32f0xx_flash.o(i.FLASH_SetLatency), (28 bytes).
    Removing stm32f0xx_flash.o(i.FLASH_Unlock), (36 bytes).
    Removing stm32f0xx_flash.o(i.FLASH_WaitForLastOperation), (40 bytes).
    Removing stm32f0xx_pwr.o(.emb_text), (8 bytes).
    Removing stm32f0xx_pwr.o(i.PWR_BackupAccessCmd), (40 bytes).
    Removing stm32f0xx_pwr.o(i.PWR_ClearFlag), (20 bytes).
    Removing stm32f0xx_pwr.o(i.PWR_DeInit), (22 bytes).
    Removing stm32f0xx_pwr.o(i.PWR_EnterSTANDBYMode), (48 bytes).
    Removing stm32f0xx_pwr.o(i.PWR_EnterSTOPMode), (68 bytes).
    Removing stm32f0xx_pwr.o(i.PWR_EnterSleepMode), (28 bytes).
    Removing stm32f0xx_pwr.o(i.PWR_GetFlagStatus), (24 bytes).
    Removing stm32f0xx_pwr.o(i.PWR_PVDCmd), (36 bytes).
    Removing stm32f0xx_pwr.o(i.PWR_PVDLevelConfig), (32 bytes).
    Removing stm32f0xx_pwr.o(i.PWR_WakeUpPinCmd), (32 bytes).
    Removing stm32f0xx_rtc.o(.emb_text), (8 bytes).
    Removing stm32f0xx_rtc.o(i.RTC_AlarmCmd), (108 bytes).
    Removing stm32f0xx_rtc.o(i.RTC_AlarmStructInit), (22 bytes).
    Removing stm32f0xx_rtc.o(i.RTC_AlarmSubSecondConfig), (40 bytes).
    Removing stm32f0xx_rtc.o(i.RTC_Bcd2ToByte), (26 bytes).
    Removing stm32f0xx_rtc.o(i.RTC_BypassShadowCmd), (52 bytes).
    Removing stm32f0xx_rtc.o(i.RTC_ByteToBcd2), (28 bytes).
    Removing stm32f0xx_rtc.o(i.RTC_CalibOutputCmd), (56 bytes).
    Removing stm32f0xx_rtc.o(i.RTC_CalibOutputConfig), (44 bytes).
    Removing stm32f0xx_rtc.o(i.RTC_ClearFlag), (32 bytes).
    Removing stm32f0xx_rtc.o(i.RTC_ClearITPendingBit), (36 bytes).
    Removing stm32f0xx_rtc.o(i.RTC_DateStructInit), (14 bytes).
    Removing stm32f0xx_rtc.o(i.RTC_DayLightSavingConfig), (48 bytes).
    Removing stm32f0xx_rtc.o(i.RTC_DeInit), (112 bytes).
    Removing stm32f0xx_rtc.o(i.RTC_EnterInitMode), (84 bytes).
    Removing stm32f0xx_rtc.o(i.RTC_ExitInitMode), (20 bytes).
    Removing stm32f0xx_rtc.o(i.RTC_GetAlarm), (120 bytes).
    Removing stm32f0xx_rtc.o(i.RTC_GetAlarmSubSecond), (20 bytes).
    Removing stm32f0xx_rtc.o(i.RTC_GetDate), (96 bytes).
    Removing stm32f0xx_rtc.o(i.RTC_GetFlagStatus), (40 bytes).
    Removing stm32f0xx_rtc.o(i.RTC_GetITStatus), (76 bytes).
    Removing stm32f0xx_rtc.o(i.RTC_GetStoreOperation), (16 bytes).
    Removing stm32f0xx_rtc.o(i.RTC_GetSubSecond), (16 bytes).
    Removing stm32f0xx_rtc.o(i.RTC_GetTime), (92 bytes).
    Removing stm32f0xx_rtc.o(i.RTC_GetTimeStamp), (164 bytes).
    Removing stm32f0xx_rtc.o(i.RTC_GetTimeStampSubSecond), (12 bytes).
    Removing stm32f0xx_rtc.o(i.RTC_ITConfig), (100 bytes).
    Removing stm32f0xx_rtc.o(i.RTC_Init), (88 bytes).
    Removing stm32f0xx_rtc.o(i.RTC_OutputConfig), (48 bytes).
    Removing stm32f0xx_rtc.o(i.RTC_OutputTypeConfig), (28 bytes).
    Removing stm32f0xx_rtc.o(i.RTC_ReadBackupRegister), (32 bytes).
    Removing stm32f0xx_rtc.o(i.RTC_RefClockCmd), (76 bytes).
    Removing stm32f0xx_rtc.o(i.RTC_SetAlarm), (212 bytes).
    Removing stm32f0xx_rtc.o(i.RTC_SetDate), (204 bytes).
    Removing stm32f0xx_rtc.o(i.RTC_SetTime), (212 bytes).
    Removing stm32f0xx_rtc.o(i.RTC_SmoothCalibConfig), (92 bytes).
    Removing stm32f0xx_rtc.o(i.RTC_StructInit), (14 bytes).
    Removing stm32f0xx_rtc.o(i.RTC_SynchroShiftConfig), (116 bytes).
    Removing stm32f0xx_rtc.o(i.RTC_TamperCmd), (32 bytes).
    Removing stm32f0xx_rtc.o(i.RTC_TamperFilterConfig), (28 bytes).
    Removing stm32f0xx_rtc.o(i.RTC_TamperPinsPrechargeDuration), (28 bytes).
    Removing stm32f0xx_rtc.o(i.RTC_TamperPullUpCmd), (40 bytes).
    Removing stm32f0xx_rtc.o(i.RTC_TamperSamplingFreqConfig), (28 bytes).
    Removing stm32f0xx_rtc.o(i.RTC_TamperTriggerConfig), (36 bytes).
    Removing stm32f0xx_rtc.o(i.RTC_TimeStampCmd), (64 bytes).
    Removing stm32f0xx_rtc.o(i.RTC_TimeStampOnTamperDetectionCmd), (36 bytes).
    Removing stm32f0xx_rtc.o(i.RTC_TimeStructInit), (12 bytes).
    Removing stm32f0xx_rtc.o(i.RTC_WaitForSynchro), (104 bytes).
    Removing stm32f0xx_rtc.o(i.RTC_WriteBackupRegister), (28 bytes).
    Removing stm32f0xx_rtc.o(i.RTC_WriteProtectionCmd), (28 bytes).
    Removing stm32f0xx_tim.o(.emb_text), (8 bytes).
    Removing stm32f0xx_tim.o(i.TI1_Config), (56 bytes).
    Removing stm32f0xx_tim.o(i.TI2_Config), (76 bytes).
    Removing stm32f0xx_tim.o(i.TI3_Config), (72 bytes).
    Removing stm32f0xx_tim.o(i.TI4_Config), (80 bytes).
    Removing stm32f0xx_tim.o(i.TIM_ARRPreloadConfig), (28 bytes).
    Removing stm32f0xx_tim.o(i.TIM_BDTRConfig), (32 bytes).
    Removing stm32f0xx_tim.o(i.TIM_BDTRStructInit), (18 bytes).
    Removing stm32f0xx_tim.o(i.TIM_CCPreloadControl), (28 bytes).
    Removing stm32f0xx_tim.o(i.TIM_CCxCmd), (30 bytes).
    Removing stm32f0xx_tim.o(i.TIM_CCxNCmd), (30 bytes).
    Removing stm32f0xx_tim.o(i.TIM_ClearFlag), (6 bytes).
    Removing stm32f0xx_tim.o(i.TIM_ClearITPendingBit), (6 bytes).
    Removing stm32f0xx_tim.o(i.TIM_ClearOC1Ref), (24 bytes).
    Removing stm32f0xx_tim.o(i.TIM_ClearOC2Ref), (20 bytes).
    Removing stm32f0xx_tim.o(i.TIM_ClearOC3Ref), (24 bytes).
    Removing stm32f0xx_tim.o(i.TIM_ClearOC4Ref), (20 bytes).
    Removing stm32f0xx_tim.o(i.TIM_Cmd), (28 bytes).
    Removing stm32f0xx_tim.o(i.TIM_CounterModeConfig), (24 bytes).
    Removing stm32f0xx_tim.o(i.TIM_CtrlPWMOutputs), (34 bytes).
    Removing stm32f0xx_tim.o(i.TIM_DMACmd), (20 bytes).
    Removing stm32f0xx_tim.o(i.TIM_DMAConfig), (12 bytes).
    Removing stm32f0xx_tim.o(i.TIM_DeInit), (232 bytes).
    Removing stm32f0xx_tim.o(i.TIM_ETRClockMode1Config), (52 bytes).
    Removing stm32f0xx_tim.o(i.TIM_ETRClockMode2Config), (34 bytes).
    Removing stm32f0xx_tim.o(i.TIM_ETRConfig), (24 bytes).
    Removing stm32f0xx_tim.o(i.TIM_EncoderInterfaceConfig), (68 bytes).
    Removing stm32f0xx_tim.o(i.TIM_ForcedOC1Config), (24 bytes).
    Removing stm32f0xx_tim.o(i.TIM_ForcedOC2Config), (24 bytes).
    Removing stm32f0xx_tim.o(i.TIM_ForcedOC3Config), (24 bytes).
    Removing stm32f0xx_tim.o(i.TIM_ForcedOC4Config), (24 bytes).
    Removing stm32f0xx_tim.o(i.TIM_GenerateEvent), (4 bytes).
    Removing stm32f0xx_tim.o(i.TIM_GetCapture1), (6 bytes).
    Removing stm32f0xx_tim.o(i.TIM_GetCapture2), (6 bytes).
    Removing stm32f0xx_tim.o(i.TIM_GetCapture3), (6 bytes).
    Removing stm32f0xx_tim.o(i.TIM_GetCapture4), (6 bytes).
    Removing stm32f0xx_tim.o(i.TIM_GetCounter), (6 bytes).
    Removing stm32f0xx_tim.o(i.TIM_GetFlagStatus), (18 bytes).
    Removing stm32f0xx_tim.o(i.TIM_GetITStatus), (38 bytes).
    Removing stm32f0xx_tim.o(i.TIM_GetPrescaler), (6 bytes).
    Removing stm32f0xx_tim.o(i.TIM_ICInit), (112 bytes).
    Removing stm32f0xx_tim.o(i.TIM_ICStructInit), (18 bytes).
    Removing stm32f0xx_tim.o(i.TIM_ITConfig), (20 bytes).
    Removing stm32f0xx_tim.o(i.TIM_ITRxExternalClockConfig), (24 bytes).
    Removing stm32f0xx_tim.o(i.TIM_InternalClockConfig), (16 bytes).
    Removing stm32f0xx_tim.o(i.TIM_OC1FastConfig), (24 bytes).
    Removing stm32f0xx_tim.o(i.TIM_OC1Init), (148 bytes).
    Removing stm32f0xx_tim.o(i.TIM_OC1NPolarityConfig), (24 bytes).
    Removing stm32f0xx_tim.o(i.TIM_OC1PolarityConfig), (24 bytes).
    Removing stm32f0xx_tim.o(i.TIM_OC1PreloadConfig), (24 bytes).
    Removing stm32f0xx_tim.o(i.TIM_OC2FastConfig), (24 bytes).
    Removing stm32f0xx_tim.o(i.TIM_OC2Init), (156 bytes).
    Removing stm32f0xx_tim.o(i.TIM_OC2NPolarityConfig), (24 bytes).
    Removing stm32f0xx_tim.o(i.TIM_OC2PolarityConfig), (24 bytes).
    Removing stm32f0xx_tim.o(i.TIM_OC2PreloadConfig), (24 bytes).
    Removing stm32f0xx_tim.o(i.TIM_OC3FastConfig), (24 bytes).
    Removing stm32f0xx_tim.o(i.TIM_OC3Init), (152 bytes).
    Removing stm32f0xx_tim.o(i.TIM_OC3NPolarityConfig), (24 bytes).
    Removing stm32f0xx_tim.o(i.TIM_OC3PolarityConfig), (24 bytes).
    Removing stm32f0xx_tim.o(i.TIM_OC3PreloadConfig), (24 bytes).
    Removing stm32f0xx_tim.o(i.TIM_OC4FastConfig), (24 bytes).
    Removing stm32f0xx_tim.o(i.TIM_OC4Init), (112 bytes).
    Removing stm32f0xx_tim.o(i.TIM_OC4PolarityConfig), (24 bytes).
    Removing stm32f0xx_tim.o(i.TIM_OC4PreloadConfig), (24 bytes).
    Removing stm32f0xx_tim.o(i.TIM_OCStructInit), (20 bytes).
    Removing stm32f0xx_tim.o(i.TIM_PWMIConfig), (124 bytes).
    Removing stm32f0xx_tim.o(i.TIM_PrescalerConfig), (6 bytes).
    Removing stm32f0xx_tim.o(i.TIM_RemapConfig), (6 bytes).
    Removing stm32f0xx_tim.o(i.TIM_SelectCCDMA), (28 bytes).
    Removing stm32f0xx_tim.o(i.TIM_SelectCOM), (28 bytes).
    Removing stm32f0xx_tim.o(i.TIM_SelectHallSensor), (28 bytes).
    Removing stm32f0xx_tim.o(i.TIM_SelectInputTrigger), (24 bytes).
    Removing stm32f0xx_tim.o(i.TIM_SelectMasterSlaveMode), (20 bytes).
    Removing stm32f0xx_tim.o(i.TIM_SelectOCREFClear), (20 bytes).
    Removing stm32f0xx_tim.o(i.TIM_SelectOCxM), (82 bytes).
    Removing stm32f0xx_tim.o(i.TIM_SelectOnePulseMode), (20 bytes).
    Removing stm32f0xx_tim.o(i.TIM_SelectOutputTrigger), (20 bytes).
    Removing stm32f0xx_tim.o(i.TIM_SelectSlaveMode), (20 bytes).
    Removing stm32f0xx_tim.o(i.TIM_SetAutoreload), (4 bytes).
    Removing stm32f0xx_tim.o(i.TIM_SetClockDivision), (20 bytes).
    Removing stm32f0xx_tim.o(i.TIM_SetCompare1), (4 bytes).
    Removing stm32f0xx_tim.o(i.TIM_SetCompare2), (4 bytes).
    Removing stm32f0xx_tim.o(i.TIM_SetCompare3), (4 bytes).
    Removing stm32f0xx_tim.o(i.TIM_SetCompare4), (4 bytes).
    Removing stm32f0xx_tim.o(i.TIM_SetCounter), (4 bytes).
    Removing stm32f0xx_tim.o(i.TIM_SetIC1Prescaler), (20 bytes).
    Removing stm32f0xx_tim.o(i.TIM_SetIC2Prescaler), (24 bytes).
    Removing stm32f0xx_tim.o(i.TIM_SetIC3Prescaler), (20 bytes).
    Removing stm32f0xx_tim.o(i.TIM_SetIC4Prescaler), (24 bytes).
    Removing stm32f0xx_tim.o(i.TIM_TIxExternalClockConfig), (58 bytes).
    Removing stm32f0xx_tim.o(i.TIM_TimeBaseInit), (124 bytes).
    Removing stm32f0xx_tim.o(i.TIM_TimeBaseStructInit), (18 bytes).
    Removing stm32f0xx_tim.o(i.TIM_UpdateDisableConfig), (28 bytes).
    Removing stm32f0xx_tim.o(i.TIM_UpdateRequestConfig), (28 bytes).
    Removing stm32f0xx_wwdg.o(.emb_text), (8 bytes).
    Removing stm32f0xx_wwdg.o(i.WWDG_ClearFlag), (12 bytes).
    Removing stm32f0xx_wwdg.o(i.WWDG_DeInit), (22 bytes).
    Removing stm32f0xx_wwdg.o(i.WWDG_Enable), (16 bytes).
    Removing stm32f0xx_wwdg.o(i.WWDG_EnableIT), (20 bytes).
    Removing stm32f0xx_wwdg.o(i.WWDG_GetFlagStatus), (24 bytes).
    Removing stm32f0xx_wwdg.o(i.WWDG_SetCounter), (16 bytes).
    Removing stm32f0xx_wwdg.o(i.WWDG_SetPrescaler), (32 bytes).
    Removing stm32f0xx_wwdg.o(i.WWDG_SetWindowValue), (40 bytes).

536 unused section(s) (total 18031 bytes) removed from the image.

==============================================================================

Image Symbol Table

    Local Symbols

    Symbol Name                              Value     Ov Type        Size  Object(Section)

    ../clib/microlib/division.c              0x00000000   Number         0  uidiv.o ABSOLUTE
    ../clib/microlib/init/entry.s            0x00000000   Number         0  entry9b.o ABSOLUTE
    ../clib/microlib/init/entry.s            0x00000000   Number         0  entry10a.o ABSOLUTE
    ../clib/microlib/init/entry.s            0x00000000   Number         0  entry2.o ABSOLUTE
    ../clib/microlib/init/entry.s            0x00000000   Number         0  entry5.o ABSOLUTE
    ../clib/microlib/init/entry.s            0x00000000   Number         0  entry7a.o ABSOLUTE
    ../clib/microlib/init/entry.s            0x00000000   Number         0  entry10b.o ABSOLUTE
    ../clib/microlib/init/entry.s            0x00000000   Number         0  entry7b.o ABSOLUTE
    ../clib/microlib/init/entry.s            0x00000000   Number         0  entry11a.o ABSOLUTE
    ../clib/microlib/init/entry.s            0x00000000   Number         0  entry11b.o ABSOLUTE
    ../clib/microlib/init/entry.s            0x00000000   Number         0  entry8a.o ABSOLUTE
    ../clib/microlib/init/entry.s            0x00000000   Number         0  entry9a.o ABSOLUTE
    ../clib/microlib/init/entry.s            0x00000000   Number         0  entry.o ABSOLUTE
    ../clib/microlib/init/entry.s            0x00000000   Number         0  entry8b.o ABSOLUTE
    ..\..\brd\yd_stm32f051c8\bsp.c           0x00000000   Number         0  bsp.o ABSOLUTE
    ..\..\driver\led.c                       0x00000000   Number         0  led.o ABSOLUTE
    ..\..\driver\serial.c                    0x00000000   Number         0  serial.o ABSOLUTE
    ..\..\driver\tick.c                      0x00000000   Number         0  tick.o ABSOLUTE
    ..\..\hal\stm32f0\hal_core.c             0x00000000   Number         0  hal_core.o ABSOLUTE
    ..\..\hal\stm32f0\hal_int.c              0x00000000   Number         0  hal_int.o ABSOLUTE
    ..\..\hal\stm32f0\hal_io.c               0x00000000   Number         0  hal_io.o ABSOLUTE
    ..\..\hal\stm32f0\hal_systick.c          0x00000000   Number         0  hal_systick.o ABSOLUTE
    ..\..\hal\stm32f0\hal_uart.c             0x00000000   Number         0  hal_uart.o ABSOLUTE
    ..\..\lib\stm32f0_std_lib\1.0\src\stm32f0xx_adc.c 0x00000000   Number         0  stm32f0xx_adc.o ABSOLUTE
    ..\..\lib\stm32f0_std_lib\1.0\src\stm32f0xx_cec.c 0x00000000   Number         0  stm32f0xx_cec.o ABSOLUTE
    ..\..\lib\stm32f0_std_lib\1.0\src\stm32f0xx_comp.c 0x00000000   Number         0  stm32f0xx_comp.o ABSOLUTE
    ..\..\lib\stm32f0_std_lib\1.0\src\stm32f0xx_crc.c 0x00000000   Number         0  stm32f0xx_crc.o ABSOLUTE
    ..\..\lib\stm32f0_std_lib\1.0\src\stm32f0xx_dac.c 0x00000000   Number         0  stm32f0xx_dac.o ABSOLUTE
    ..\..\lib\stm32f0_std_lib\1.0\src\stm32f0xx_dbgmcu.c 0x00000000   Number         0  stm32f0xx_dbgmcu.o ABSOLUTE
    ..\..\lib\stm32f0_std_lib\1.0\src\stm32f0xx_dma.c 0x00000000   Number         0  stm32f0xx_dma.o ABSOLUTE
    ..\..\lib\stm32f0_std_lib\1.0\src\stm32f0xx_exti.c 0x00000000   Number         0  stm32f0xx_exti.o ABSOLUTE
    ..\..\lib\stm32f0_std_lib\1.0\src\stm32f0xx_flash.c 0x00000000   Number         0  stm32f0xx_flash.o ABSOLUTE
    ..\..\lib\stm32f0_std_lib\1.0\src\stm32f0xx_gpio.c 0x00000000   Number         0  stm32f0xx_gpio.o ABSOLUTE
    ..\..\lib\stm32f0_std_lib\1.0\src\stm32f0xx_i2c.c 0x00000000   Number         0  stm32f0xx_i2c.o ABSOLUTE
    ..\..\lib\stm32f0_std_lib\1.0\src\stm32f0xx_iwdg.c 0x00000000   Number         0  stm32f0xx_iwdg.o ABSOLUTE
    ..\..\lib\stm32f0_std_lib\1.0\src\stm32f0xx_misc.c 0x00000000   Number         0  stm32f0xx_misc.o ABSOLUTE
    ..\..\lib\stm32f0_std_lib\1.0\src\stm32f0xx_pwr.c 0x00000000   Number         0  stm32f0xx_pwr.o ABSOLUTE
    ..\..\lib\stm32f0_std_lib\1.0\src\stm32f0xx_rcc.c 0x00000000   Number         0  stm32f0xx_rcc.o ABSOLUTE
    ..\..\lib\stm32f0_std_lib\1.0\src\stm32f0xx_rtc.c 0x00000000   Number         0  stm32f0xx_rtc.o ABSOLUTE
    ..\..\lib\stm32f0_std_lib\1.0\src\stm32f0xx_spi.c 0x00000000   Number         0  stm32f0xx_spi.o ABSOLUTE
    ..\..\lib\stm32f0_std_lib\1.0\src\stm32f0xx_syscfg.c 0x00000000   Number         0  stm32f0xx_syscfg.o ABSOLUTE
    ..\..\lib\stm32f0_std_lib\1.0\src\stm32f0xx_tim.c 0x00000000   Number         0  stm32f0xx_tim.o ABSOLUTE
    ..\..\lib\stm32f0_std_lib\1.0\src\stm32f0xx_usart.c 0x00000000   Number         0  stm32f0xx_usart.o ABSOLUTE
    ..\..\lib\stm32f0_std_lib\1.0\src\stm32f0xx_wwdg.c 0x00000000   Number         0  stm32f0xx_wwdg.o ABSOLUTE
    ..\..\lib\stm32f0_std_lib\1.0\system_stm32f0xx.c 0x00000000   Number         0  system_stm32f0xx.o ABSOLUTE
    ..\\..\\brd\\yd_stm32f051c8\\bsp.c       0x00000000   Number         0  bsp.o ABSOLUTE
    ..\\..\\driver\\led.c                    0x00000000   Number         0  led.o ABSOLUTE
    ..\\..\\driver\\serial.c                 0x00000000   Number         0  serial.o ABSOLUTE
    ..\\..\\driver\\tick.c                   0x00000000   Number         0  tick.o ABSOLUTE
    ..\\..\\hal\\stm32f0\\hal_core.c         0x00000000   Number         0  hal_core.o ABSOLUTE
    ..\\..\\hal\\stm32f0\\hal_io.c           0x00000000   Number         0  hal_io.o ABSOLUTE
    ..\\..\\hal\\stm32f0\\hal_systick.c      0x00000000   Number         0  hal_systick.o ABSOLUTE
    ..\\..\\hal\\stm32f0\\hal_uart.c         0x00000000   Number         0  hal_uart.o ABSOLUTE
    ..\\..\\lib\\stm32f0_std_lib\\1.0\\src\\stm32f0xx_adc.c 0x00000000   Number         0  stm32f0xx_adc.o ABSOLUTE
    ..\\..\\lib\\stm32f0_std_lib\\1.0\\src\\stm32f0xx_cec.c 0x00000000   Number         0  stm32f0xx_cec.o ABSOLUTE
    ..\\..\\lib\\stm32f0_std_lib\\1.0\\src\\stm32f0xx_comp.c 0x00000000   Number         0  stm32f0xx_comp.o ABSOLUTE
    ..\\..\\lib\\stm32f0_std_lib\\1.0\\src\\stm32f0xx_crc.c 0x00000000   Number         0  stm32f0xx_crc.o ABSOLUTE
    ..\\..\\lib\\stm32f0_std_lib\\1.0\\src\\stm32f0xx_dac.c 0x00000000   Number         0  stm32f0xx_dac.o ABSOLUTE
    ..\\..\\lib\\stm32f0_std_lib\\1.0\\src\\stm32f0xx_dbgmcu.c 0x00000000   Number         0  stm32f0xx_dbgmcu.o ABSOLUTE
    ..\\..\\lib\\stm32f0_std_lib\\1.0\\src\\stm32f0xx_dma.c 0x00000000   Number         0  stm32f0xx_dma.o ABSOLUTE
    ..\\..\\lib\\stm32f0_std_lib\\1.0\\src\\stm32f0xx_exti.c 0x00000000   Number         0  stm32f0xx_exti.o ABSOLUTE
    ..\\..\\lib\\stm32f0_std_lib\\1.0\\src\\stm32f0xx_flash.c 0x00000000   Number         0  stm32f0xx_flash.o ABSOLUTE
    ..\\..\\lib\\stm32f0_std_lib\\1.0\\src\\stm32f0xx_gpio.c 0x00000000   Number         0  stm32f0xx_gpio.o ABSOLUTE
    ..\\..\\lib\\stm32f0_std_lib\\1.0\\src\\stm32f0xx_i2c.c 0x00000000   Number         0  stm32f0xx_i2c.o ABSOLUTE
    ..\\..\\lib\\stm32f0_std_lib\\1.0\\src\\stm32f0xx_iwdg.c 0x00000000   Number         0  stm32f0xx_iwdg.o ABSOLUTE
    ..\\..\\lib\\stm32f0_std_lib\\1.0\\src\\stm32f0xx_misc.c 0x00000000   Number         0  stm32f0xx_misc.o ABSOLUTE
    ..\\..\\lib\\stm32f0_std_lib\\1.0\\src\\stm32f0xx_pwr.c 0x00000000   Number         0  stm32f0xx_pwr.o ABSOLUTE
    ..\\..\\lib\\stm32f0_std_lib\\1.0\\src\\stm32f0xx_rcc.c 0x00000000   Number         0  stm32f0xx_rcc.o ABSOLUTE
    ..\\..\\lib\\stm32f0_std_lib\\1.0\\src\\stm32f0xx_rtc.c 0x00000000   Number         0  stm32f0xx_rtc.o ABSOLUTE
    ..\\..\\lib\\stm32f0_std_lib\\1.0\\src\\stm32f0xx_spi.c 0x00000000   Number         0  stm32f0xx_spi.o ABSOLUTE
    ..\\..\\lib\\stm32f0_std_lib\\1.0\\src\\stm32f0xx_syscfg.c 0x00000000   Number         0  stm32f0xx_syscfg.o ABSOLUTE
    ..\\..\\lib\\stm32f0_std_lib\\1.0\\src\\stm32f0xx_tim.c 0x00000000   Number         0  stm32f0xx_tim.o ABSOLUTE
    ..\\..\\lib\\stm32f0_std_lib\\1.0\\src\\stm32f0xx_usart.c 0x00000000   Number         0  stm32f0xx_usart.o ABSOLUTE
    ..\\..\\lib\\stm32f0_std_lib\\1.0\\src\\stm32f0xx_wwdg.c 0x00000000   Number         0  stm32f0xx_wwdg.o ABSOLUTE
    ..\\..\\lib\\stm32f0_std_lib\\1.0\\system_stm32f0xx.c 0x00000000   Number         0  system_stm32f0xx.o ABSOLUTE
    app.c                                    0x00000000   Number         0  app.o ABSOLUTE
    app.c                                    0x00000000   Number         0  app.o ABSOLUTE
    dc.s                                     0x00000000   Number         0  dc.o ABSOLUTE
    handlers.s                               0x00000000   Number         0  handlers.o ABSOLUTE
    init.s                                   0x00000000   Number         0  init.o ABSOLUTE
    startup_stm32f0xx.s                      0x00000000   Number         0  startup_stm32f0xx.o ABSOLUTE
    RESET                                    0x08000000   Section      192  startup_stm32f0xx.o(RESET)
    .ARM.Collect$$$$00000000                 0x080000c0   Section        0  entry.o(.ARM.Collect$$$$00000000)
    .ARM.Collect$$$$00000001                 0x080000c0   Section        4  entry2.o(.ARM.Collect$$$$00000001)
    .ARM.Collect$$$$00000004                 0x080000c4   Section        4  entry5.o(.ARM.Collect$$$$00000004)
    .ARM.Collect$$$$00000008                 0x080000c8   Section        0  entry7b.o(.ARM.Collect$$$$00000008)
    .ARM.Collect$$$$0000000A                 0x080000c8   Section        0  entry8b.o(.ARM.Collect$$$$0000000A)
    .ARM.Collect$$$$0000000B                 0x080000c8   Section        8  entry9a.o(.ARM.Collect$$$$0000000B)
    .ARM.Collect$$$$0000000D                 0x080000d0   Section        0  entry10a.o(.ARM.Collect$$$$0000000D)
    .ARM.Collect$$$$0000000F                 0x080000d0   Section        0  entry11a.o(.ARM.Collect$$$$0000000F)
    .ARM.Collect$$$$00002712                 0x080000d0   Section        4  entry2.o(.ARM.Collect$$$$00002712)
    __lit__00000000                          0x080000d0   Data           4  entry2.o(.ARM.Collect$$$$00002712)
    .text                                    0x080000d4   Section       28  startup_stm32f0xx.o(.text)
    .text                                    0x080000f0   Section        0  uidiv.o(.text)
    .text                                    0x0800011c   Section       36  init.o(.text)
    i.GPIO_Init                              0x08000140   Section        0  stm32f0xx_gpio.o(i.GPIO_Init)
    i.HardFault_Handler                      0x080001d0   Section        0  hal_core.o(i.HardFault_Handler)
    i.NMI_Handler                            0x080001d4   Section        0  hal_core.o(i.NMI_Handler)
    i.NVIC_Init                              0x080001d8   Section        0  stm32f0xx_misc.o(i.NVIC_Init)
    i.NVIC_SetPriority                       0x08000248   Section        0  hal_systick.o(i.NVIC_SetPriority)
    NVIC_SetPriority                         0x08000249   Thumb Code   110  hal_systick.o(i.NVIC_SetPriority)
    i.PendSV_Handler                         0x080002c0   Section        0  hal_core.o(i.PendSV_Handler)
    i.RCC_AHBPeriphClockCmd                  0x080002c4   Section        0  stm32f0xx_rcc.o(i.RCC_AHBPeriphClockCmd)
    i.RCC_APB2PeriphClockCmd                 0x080002e4   Section        0  stm32f0xx_rcc.o(i.RCC_APB2PeriphClockCmd)
    i.RCC_GetClocksFreq                      0x08000304   Section        0  stm32f0xx_rcc.o(i.RCC_GetClocksFreq)
    i.SVC_Handler                            0x08000470   Section        0  hal_core.o(i.SVC_Handler)
    i.SetSysClock                            0x08000474   Section        0  system_stm32f0xx.o(i.SetSysClock)
    SetSysClock                              0x08000475   Thumb Code   202  system_stm32f0xx.o(i.SetSysClock)
    i.SysTick_Handler                        0x08000548   Section        0  hal_systick.o(i.SysTick_Handler)
    i.SystemInit                             0x08000560   Section        0  system_stm32f0xx.o(i.SystemInit)
    i.USART1_Init                            0x080005dc   Section        0  app.o(i.USART1_Init)
    i.USART_Cmd                              0x0800063c   Section        0  stm32f0xx_usart.o(i.USART_Cmd)
    i.USART_ITConfig                         0x08000654   Section        0  stm32f0xx_usart.o(i.USART_ITConfig)
    i.USART_Init                             0x08000698   Section        0  stm32f0xx_usart.o(i.USART_Init)
    i.__scatterload_copy                     0x08000788   Section       14  handlers.o(i.__scatterload_copy)
    i.__scatterload_null                     0x08000796   Section        2  handlers.o(i.__scatterload_null)
    i.__scatterload_zeroinit                 0x08000798   Section       14  handlers.o(i.__scatterload_zeroinit)
    i.hal_io_init                            0x080007a6   Section        0  hal_io.o(i.hal_io_init)
    i.hal_io_toggle                          0x080007d4   Section        0  hal_io.o(i.hal_io_toggle)
    i.hal_systick_delay                      0x080007dc   Section        0  hal_systick.o(i.hal_systick_delay)
    i.hal_systick_init                       0x080007f4   Section        0  hal_systick.o(i.hal_systick_init)
    i.led_ctl_toggle                         0x08000844   Section        0  led.o(i.led_ctl_toggle)
    i.led_init                               0x08000860   Section        0  led.o(i.led_init)
    i.main                                   0x08000878   Section        0  app.o(i.main)
    i.tick_delay                             0x080008bc   Section        0  tick.o(i.tick_delay)
    i.tick_start                             0x080008c8   Section        0  tick.o(i.tick_start)
    .data                                    0x20000000   Section       84  bsp.o(.data)
    .data                                    0x20000054   Section        8  hal_systick.o(.data)
    TimingDelay                              0x20000054   Data           4  hal_systick.o(.data)
    .data                                    0x2000005c   Section       20  system_stm32f0xx.o(.data)
    .data                                    0x20000070   Section       16  stm32f0xx_rcc.o(.data)
    APBAHBPrescTable                         0x20000070   Data          16  stm32f0xx_rcc.o(.data)
    STACK                                    0x20000080   Section     1024  startup_stm32f0xx.o(STACK)

    Global Symbols

    Symbol Name                              Value     Ov Type        Size  Object(Section)

    BuildAttributes$$THM_ISAv3M$S$PE$A:L22$X:L11$S22$IEEE1$IW$USESV6$~STKCKD$USESV7$~SHL$OSPACE$EBA8$MICROLIB$REQ8$PRES8$EABIv2 0x00000000   Number         0  anon$$obj.o ABSOLUTE
    __ARM_use_no_argv                        0x00000000   Number         0  app.o ABSOLUTE
    __cpp_initialize__aeabi_                  - Undefined Weak Reference
    __cxa_finalize                            - Undefined Weak Reference
    __decompress                              - Undefined Weak Reference
    _clock_init                               - Undefined Weak Reference
    _microlib_exit                            - Undefined Weak Reference
    __Vectors_Size                           0x000000c0   Number         0  startup_stm32f0xx.o ABSOLUTE
    __Vectors                                0x08000000   Data           4  startup_stm32f0xx.o(RESET)
    __Vectors_End                            0x080000c0   Data           0  startup_stm32f0xx.o(RESET)
    __main                                   0x080000c1   Thumb Code     0  entry.o(.ARM.Collect$$$$00000000)
    _main_stk                                0x080000c1   Thumb Code     0  entry2.o(.ARM.Collect$$$$00000001)
    _main_scatterload                        0x080000c5   Thumb Code     0  entry5.o(.ARM.Collect$$$$00000004)
    __main_after_scatterload                 0x080000c9   Thumb Code     0  entry5.o(.ARM.Collect$$$$00000004)
    _main_clock                              0x080000c9   Thumb Code     0  entry7b.o(.ARM.Collect$$$$00000008)
    _main_cpp_init                           0x080000c9   Thumb Code     0  entry8b.o(.ARM.Collect$$$$0000000A)
    _main_init                               0x080000c9   Thumb Code     0  entry9a.o(.ARM.Collect$$$$0000000B)
    __rt_final_cpp                           0x080000d1   Thumb Code     0  entry10a.o(.ARM.Collect$$$$0000000D)
    __rt_final_exit                          0x080000d1   Thumb Code     0  entry11a.o(.ARM.Collect$$$$0000000F)
    Reset_Handler                            0x080000d5   Thumb Code     8  startup_stm32f0xx.o(.text)
    ADC1_COMP_IRQHandler                     0x080000e7   Thumb Code     0  startup_stm32f0xx.o(.text)
    CEC_IRQHandler                           0x080000e7   Thumb Code     0  startup_stm32f0xx.o(.text)
    DMA1_Channel1_IRQHandler                 0x080000e7   Thumb Code     0  startup_stm32f0xx.o(.text)
    DMA1_Channel2_3_IRQHandler               0x080000e7   Thumb Code     0  startup_stm32f0xx.o(.text)
    DMA1_Channel4_5_IRQHandler               0x080000e7   Thumb Code     0  startup_stm32f0xx.o(.text)
    EXTI0_1_IRQHandler                       0x080000e7   Thumb Code     0  startup_stm32f0xx.o(.text)
    EXTI2_3_IRQHandler                       0x080000e7   Thumb Code     0  startup_stm32f0xx.o(.text)
    EXTI4_15_IRQHandler                      0x080000e7   Thumb Code     0  startup_stm32f0xx.o(.text)
    FLASH_IRQHandler                         0x080000e7   Thumb Code     0  startup_stm32f0xx.o(.text)
    I2C1_IRQHandler                          0x080000e7   Thumb Code     0  startup_stm32f0xx.o(.text)
    I2C2_IRQHandler                          0x080000e7   Thumb Code     0  startup_stm32f0xx.o(.text)
    PVD_IRQHandler                           0x080000e7   Thumb Code     0  startup_stm32f0xx.o(.text)
    RCC_IRQHandler                           0x080000e7   Thumb Code     0  startup_stm32f0xx.o(.text)
    RTC_IRQHandler                           0x080000e7   Thumb Code     0  startup_stm32f0xx.o(.text)
    SPI1_IRQHandler                          0x080000e7   Thumb Code     0  startup_stm32f0xx.o(.text)
    SPI2_IRQHandler                          0x080000e7   Thumb Code     0  startup_stm32f0xx.o(.text)
    TIM14_IRQHandler                         0x080000e7   Thumb Code     0  startup_stm32f0xx.o(.text)
    TIM15_IRQHandler                         0x080000e7   Thumb Code     0  startup_stm32f0xx.o(.text)
    TIM16_IRQHandler                         0x080000e7   Thumb Code     0  startup_stm32f0xx.o(.text)
    TIM17_IRQHandler                         0x080000e7   Thumb Code     0  startup_stm32f0xx.o(.text)
    TIM1_BRK_UP_TRG_COM_IRQHandler           0x080000e7   Thumb Code     0  startup_stm32f0xx.o(.text)
    TIM1_CC_IRQHandler                       0x080000e7   Thumb Code     0  startup_stm32f0xx.o(.text)
    TIM2_IRQHandler                          0x080000e7   Thumb Code     0  startup_stm32f0xx.o(.text)
    TIM3_IRQHandler                          0x080000e7   Thumb Code     0  startup_stm32f0xx.o(.text)
    TIM6_DAC_IRQHandler                      0x080000e7   Thumb Code     0  startup_stm32f0xx.o(.text)
    TS_IRQHandler                            0x080000e7   Thumb Code     0  startup_stm32f0xx.o(.text)
    USART1_IRQHandler                        0x080000e7   Thumb Code     0  startup_stm32f0xx.o(.text)
    USART2_IRQHandler                        0x080000e7   Thumb Code     0  startup_stm32f0xx.o(.text)
    WWDG_IRQHandler                          0x080000e7   Thumb Code     0  startup_stm32f0xx.o(.text)
    __aeabi_uidiv                            0x080000f1   Thumb Code     0  uidiv.o(.text)
    __aeabi_uidivmod                         0x080000f1   Thumb Code    44  uidiv.o(.text)
    __scatterload                            0x0800011d   Thumb Code    28  init.o(.text)
    __scatterload_rt2                        0x0800011d   Thumb Code     0  init.o(.text)
    GPIO_Init                                0x08000141   Thumb Code   144  stm32f0xx_gpio.o(i.GPIO_Init)
    HardFault_Handler                        0x080001d1   Thumb Code     4  hal_core.o(i.HardFault_Handler)
    NMI_Handler                              0x080001d5   Thumb Code     2  hal_core.o(i.NMI_Handler)
    NVIC_Init                                0x080001d9   Thumb Code   106  stm32f0xx_misc.o(i.NVIC_Init)
    PendSV_Handler                           0x080002c1   Thumb Code     2  hal_core.o(i.PendSV_Handler)
    RCC_AHBPeriphClockCmd                    0x080002c5   Thumb Code    28  stm32f0xx_rcc.o(i.RCC_AHBPeriphClockCmd)
    RCC_APB2PeriphClockCmd                   0x080002e5   Thumb Code    28  stm32f0xx_rcc.o(i.RCC_APB2PeriphClockCmd)
    RCC_GetClocksFreq                        0x08000305   Thumb Code   338  stm32f0xx_rcc.o(i.RCC_GetClocksFreq)
    SVC_Handler                              0x08000471   Thumb Code     2  hal_core.o(i.SVC_Handler)
    SysTick_Handler                          0x08000549   Thumb Code    20  hal_systick.o(i.SysTick_Handler)
    SystemInit                               0x08000561   Thumb Code   110  system_stm32f0xx.o(i.SystemInit)
    USART1_Init                              0x080005dd   Thumb Code    88  app.o(i.USART1_Init)
    USART_Cmd                                0x0800063d   Thumb Code    24  stm32f0xx_usart.o(i.USART_Cmd)
    USART_ITConfig                           0x08000655   Thumb Code    66  stm32f0xx_usart.o(i.USART_ITConfig)
    USART_Init                               0x08000699   Thumb Code   230  stm32f0xx_usart.o(i.USART_Init)
    __scatterload_copy                       0x08000789   Thumb Code    14  handlers.o(i.__scatterload_copy)
    __scatterload_null                       0x08000797   Thumb Code     2  handlers.o(i.__scatterload_null)
    __scatterload_zeroinit                   0x08000799   Thumb Code    14  handlers.o(i.__scatterload_zeroinit)
    hal_io_init                              0x080007a7   Thumb Code    46  hal_io.o(i.hal_io_init)
    hal_io_toggle                            0x080007d5   Thumb Code     8  hal_io.o(i.hal_io_toggle)
    hal_systick_delay                        0x080007dd   Thumb Code    20  hal_systick.o(i.hal_systick_delay)
    hal_systick_init                         0x080007f5   Thumb Code    68  hal_systick.o(i.hal_systick_init)
    led_ctl_toggle                           0x08000845   Thumb Code    22  led.o(i.led_ctl_toggle)
    led_init                                 0x08000861   Thumb Code    20  led.o(i.led_init)
    main                                     0x08000879   Thumb Code    50  app.o(i.main)
    tick_delay                               0x080008bd   Thumb Code    12  tick.o(i.tick_delay)
    tick_start                               0x080008c9   Thumb Code    12  tick.o(i.tick_start)
    Region$$Table$$Base                      0x080008d4   Number         0  anon$$obj.o(Region$$Table)
    Region$$Table$$Limit                     0x080008f4   Number         0  anon$$obj.o(Region$$Table)
    led_ios                                  0x20000000   Data          16  bsp.o(.data)
    led_io_cfg                               0x20000010   Data           4  bsp.o(.data)
    console_uart_trx_ios                     0x20000014   Data          32  bsp.o(.data)
    console_uart_io_cfgs                     0x20000034   Data           8  bsp.o(.data)
    console_uart_io                          0x2000003c   Data          16  bsp.o(.data)
    console_uart_cfg                         0x2000004c   Data           8  bsp.o(.data)
    TimingOut                                0x20000058   Data           4  hal_systick.o(.data)
    SystemCoreClock                          0x2000005c   Data           4  system_stm32f0xx.o(.data)
    AHBPrescTable                            0x20000060   Data          16  system_stm32f0xx.o(.data)
    __initial_sp                             0x20000480   Data           0  startup_stm32f0xx.o(STACK)



==============================================================================

Memory Map of the image

  Image Entry point : 0x080000c1

  Load Region LR_IROM1 (Base: 0x08000000, Size: 0x00000974, Max: 0x00010000, ABSOLUTE)

    Execution Region ER_IROM1 (Base: 0x08000000, Size: 0x000008f4, Max: 0x00010000, ABSOLUTE)

    Base Addr    Size         Type   Attr      Idx    E Section Name        Object

    0x08000000   0x000000c0   Data   RO            3    RESET               startup_stm32f0xx.o
    0x080000c0   0x00000000   Code   RO         3736  * .ARM.Collect$$$$00000000  mc_p.l(entry.o)
    0x080000c0   0x00000004   Code   RO         3741    .ARM.Collect$$$$00000001  mc_p.l(entry2.o)
    0x080000c4   0x00000004   Code   RO         3744    .ARM.Collect$$$$00000004  mc_p.l(entry5.o)
    0x080000c8   0x00000000   Code   RO         3746    .ARM.Collect$$$$00000008  mc_p.l(entry7b.o)
    0x080000c8   0x00000000   Code   RO         3748    .ARM.Collect$$$$0000000A  mc_p.l(entry8b.o)
    0x080000c8   0x00000008   Code   RO         3749    .ARM.Collect$$$$0000000B  mc_p.l(entry9a.o)
    0x080000d0   0x00000000   Code   RO         3751    .ARM.Collect$$$$0000000D  mc_p.l(entry10a.o)
    0x080000d0   0x00000000   Code   RO         3753    .ARM.Collect$$$$0000000F  mc_p.l(entry11a.o)
    0x080000d0   0x00000004   Code   RO         3742    .ARM.Collect$$$$00002712  mc_p.l(entry2.o)
    0x080000d4   0x0000001c   Code   RO            4    .text               startup_stm32f0xx.o
    0x080000f0   0x0000002c   Code   RO         3739    .text               mc_p.l(uidiv.o)
    0x0800011c   0x00000024   Code   RO         3755    .text               mc_p.l(init.o)
    0x08000140   0x00000090   Code   RO          620    i.GPIO_Init         stm32f0xx_gpio.o
    0x080001d0   0x00000004   Code   RO          334    i.HardFault_Handler  hal_core.o
    0x080001d4   0x00000002   Code   RO          335    i.NMI_Handler       hal_core.o
    0x080001d6   0x00000002   PAD
    0x080001d8   0x00000070   Code   RO          978    i.NVIC_Init         stm32f0xx_misc.o
    0x08000248   0x00000078   Code   RO          383    i.NVIC_SetPriority  hal_systick.o
    0x080002c0   0x00000002   Code   RO          336    i.PendSV_Handler    hal_core.o
    0x080002c2   0x00000002   PAD
    0x080002c4   0x00000020   Code   RO         1555    i.RCC_AHBPeriphClockCmd  stm32f0xx_rcc.o
    0x080002e4   0x00000020   Code   RO         1559    i.RCC_APB2PeriphClockCmd  stm32f0xx_rcc.o
    0x08000304   0x0000016c   Code   RO         1569    i.RCC_GetClocksFreq  stm32f0xx_rcc.o
    0x08000470   0x00000002   Code   RO          337    i.SVC_Handler       hal_core.o
    0x08000472   0x00000002   PAD
    0x08000474   0x000000d4   Code   RO         1521    i.SetSysClock       system_stm32f0xx.o
    0x08000548   0x00000018   Code   RO          384    i.SysTick_Handler   hal_systick.o
    0x08000560   0x0000007c   Code   RO         1523    i.SystemInit        system_stm32f0xx.o
    0x080005dc   0x00000060   Code   RO           11    i.USART1_Init       app.o
    0x0800063c   0x00000018   Code   RO         1216    i.USART_Cmd         stm32f0xx_usart.o
    0x08000654   0x00000042   Code   RO         1227    i.USART_ITConfig    stm32f0xx_usart.o
    0x08000696   0x00000002   PAD
    0x08000698   0x000000f0   Code   RO         1228    i.USART_Init        stm32f0xx_usart.o
    0x08000788   0x0000000e   Code   RO         3759    i.__scatterload_copy  mc_p.l(handlers.o)
    0x08000796   0x00000002   Code   RO         3760    i.__scatterload_null  mc_p.l(handlers.o)
    0x08000798   0x0000000e   Code   RO         3761    i.__scatterload_zeroinit  mc_p.l(handlers.o)
    0x080007a6   0x0000002e   Code   RO          294    i.hal_io_init       hal_io.o
    0x080007d4   0x00000008   Code   RO          298    i.hal_io_toggle     hal_io.o
    0x080007dc   0x00000018   Code   RO          385    i.hal_systick_delay  hal_systick.o
    0x080007f4   0x00000050   Code   RO          386    i.hal_systick_init  hal_systick.o
    0x08000844   0x0000001c   Code   RO          155    i.led_ctl_toggle    led.o
    0x08000860   0x00000018   Code   RO          156    i.led_init          led.o
    0x08000878   0x00000044   Code   RO           12    i.main              app.o
    0x080008bc   0x0000000c   Code   RO          199    i.tick_delay        tick.o
    0x080008c8   0x0000000c   Code   RO          203    i.tick_start        tick.o
    0x080008d4   0x00000020   Data   RO         3757    Region$$Table       anon$$obj.o


    Execution Region RW_IRAM1 (Base: 0x20000000, Size: 0x00000480, Max: 0x00002000, ABSOLUTE)

    Base Addr    Size         Type   Attr      Idx    E Section Name        Object

    0x20000000   0x00000054   Data   RW          281    .data               bsp.o
    0x20000054   0x00000008   Data   RW          387    .data               hal_systick.o
    0x2000005c   0x00000014   Data   RW         1524    .data               system_stm32f0xx.o
    0x20000070   0x00000010   Data   RW         1593    .data               stm32f0xx_rcc.o
    0x20000080   0x00000400   Zero   RW            1    STACK               startup_stm32f0xx.o


==============================================================================

Image component sizes


      Code (inc. data)   RO Data    RW Data    ZI Data      Debug   Object Name

       164         26          0          0          0     105753   app.o
         0          0          0         84          0        768   bsp.o
        10          0          0          0          0       1573   hal_core.o
        54          0          0          0          0       1278   hal_io.o
       248         30          0          8          0       8245   hal_systick.o
        52         10          0          0          0       1210   led.o
        28          8        192          0       1024        592   startup_stm32f0xx.o
         0          0          0          0          0      10228   stm32f0xx_exti.o
       144          0          0          0          0       5460   stm32f0xx_gpio.o
       112          6          0          0          0       1864   stm32f0xx_misc.o
       428         34          0         16          0      13069   stm32f0xx_rcc.o
       330         10          0          0          0      12314   stm32f0xx_usart.o
       336         24          0         20          0       1689   system_stm32f0xx.o
        24          0          0          0          0        866   tick.o

    ----------------------------------------------------------------------
      1938        148        224        128       1024     164909   Object Totals
         0          0         32          0          0          0   (incl. Generated)
         8          0          0          0          0          0   (incl. Padding)

    ----------------------------------------------------------------------

      Code (inc. data)   RO Data    RW Data    ZI Data      Debug   Library Member Name

         0          0          0          0          0          0   entry.o
         0          0          0          0          0          0   entry10a.o
         0          0          0          0          0          0   entry11a.o
         8          4          0          0          0          0   entry2.o
         4          0          0          0          0          0   entry5.o
         0          0          0          0          0          0   entry7b.o
         0          0          0          0          0          0   entry8b.o
         8          4          0          0          0          0   entry9a.o
        30          0          0          0          0          0   handlers.o
        36          8          0          0          0         68   init.o
        44          0          0          0          0         72   uidiv.o

    ----------------------------------------------------------------------
       130         16          0          0          0        140   Library Totals
         0          0          0          0          0          0   (incl. Padding)

    ----------------------------------------------------------------------

      Code (inc. data)   RO Data    RW Data    ZI Data      Debug   Library Name

       130         16          0          0          0        140   mc_p.l

    ----------------------------------------------------------------------
       130         16          0          0          0        140   Library Totals

    ----------------------------------------------------------------------

==============================================================================


      Code (inc. data)   RO Data    RW Data    ZI Data      Debug   

      2068        164        224        128       1024     164029   Grand Totals
      2068        164        224        128       1024     164029   ELF Image Totals
      2068        164        224        128          0          0   ROM Totals

==============================================================================

    Total RO  Size (Code + RO Data)                 2292 (   2.24kB)
    Total RW  Size (RW Data + ZI Data)              1152 (   1.13kB)
    Total ROM Size (Code + RO Data + RW Data)       2420 (   2.36kB)

==============================================================================

